// Vitest Snapshot v1, https://vitest.dev/guide/snapshot.html

exports[`projection router — projectTaxYears > derived TaxYearRow[] shape is stable (golden file) 1`] = `
[
  {
    "acaMagiHeadroom": 0,
    "acaSubsidyPreserved": false,
    "age": 65,
    "balanceByTaxType": {
      "afterTax": 3346815.13,
      "afterTaxBasis": 1124457.24,
      "hsa": 0,
      "preTax": 423523.97,
      "taxFree": 240579.4,
    },
    "cumulativeTax": 26539.960000000003,
    "effectiveTaxRate": 0.0018999009705594518,
    "endingBalance": 4010918.5,
    "federalTax": 149.99,
    "flags": [
      "ACA lost",
      "Roth conversion",
    ],
    "income": {
      "otherWithdrawal": 0,
      "requiredMinimumDistribution": 0,
      "rothConversion": 229123.24,
      "rothWithdrawal": 0,
      "socialSecurity": 0,
      "traditionalWithdrawal": 78946.22,
    },
    "irmaaSurcharge": 0,
    "ltcgRate": 0.15,
    "niit": 0,
    "qcdAmount": 0,
    "rmdExcess": 0,
    "rmdShortfall": 0,
    "rothConversionIrmaaCapped": undefined,
    "rothConversionTax": 26389.97,
    "taxableSocialSecurity": 0,
    "unmetNeed": 0,
    "year": 2054,
  },
  {
    "acaMagiHeadroom": 0,
    "acaSubsidyPreserved": false,
    "age": 66,
    "balanceByTaxType": {
      "afterTax": 3485569.16,
      "afterTaxBasis": 1115310.08,
      "hsa": 0,
      "preTax": 111523.04,
      "taxFree": 500864.82,
    },
    "cumulativeTax": 53876.12,
    "effectiveTaxRate": 0.001368871484098538,
    "endingBalance": 4097957.02,
    "federalTax": 110.71,
    "flags": [
      "ACA lost",
      "Roth conversion",
    ],
    "income": {
      "otherWithdrawal": 0,
      "requiredMinimumDistribution": 0,
      "rothConversion": 236434.71,
      "rothWithdrawal": 0,
      "socialSecurity": 0,
      "traditionalWithdrawal": 80876.84,
    },
    "irmaaSurcharge": 0,
    "ltcgRate": 0.15,
    "niit": 0,
    "qcdAmount": 0,
    "rmdExcess": 0,
    "rmdShortfall": 0,
    "rothConversionIrmaaCapped": undefined,
    "rothConversionTax": 27225.45,
    "taxableSocialSecurity": 0,
    "unmetNeed": 0,
    "year": 2055,
  },
  {
    "acaMagiHeadroom": 0,
    "acaSubsidyPreserved": false,
    "age": 67,
    "balanceByTaxType": {
      "afterTax": 3654087.3,
      "afterTaxBasis": 1113554.67,
      "hsa": 0,
      "preTax": 0,
      "taxFree": 587582.7,
    },
    "cumulativeTax": 59362.14,
    "effectiveTaxRate": 0,
    "endingBalance": 4241670,
    "federalTax": 0,
    "flags": [
      "ACA lost",
      "Roth conversion",
    ],
    "income": {
      "otherWithdrawal": 0,
      "requiredMinimumDistribution": 0,
      "rothConversion": 58737.75,
      "rothWithdrawal": 0,
      "socialSecurity": 30000,
      "traditionalWithdrawal": 52785.29,
    },
    "irmaaSurcharge": 0,
    "ltcgRate": 0,
    "niit": 0,
    "qcdAmount": 0,
    "rmdExcess": 0,
    "rmdShortfall": 0,
    "rothConversionIrmaaCapped": undefined,
    "rothConversionTax": 5486.02,
    "taxableSocialSecurity": 25500,
    "unmetNeed": 0,
    "year": 2056,
  },
  {
    "acaMagiHeadroom": 0,
    "acaSubsidyPreserved": false,
    "age": 68,
    "balanceByTaxType": {
      "afterTax": 3779194,
      "afterTaxBasis": 1096838.06,
      "hsa": 0,
      "preTax": 0,
      "taxFree": 616961.84,
    },
    "cumulativeTax": 59362.14,
    "effectiveTaxRate": 0,
    "endingBalance": 4396155.84,
    "federalTax": 0,
    "flags": [
      "ACA lost",
    ],
    "income": {
      "otherWithdrawal": 54854.92,
      "requiredMinimumDistribution": 0,
      "rothConversion": 0,
      "rothWithdrawal": 0,
      "socialSecurity": 30000,
      "traditionalWithdrawal": 0,
    },
    "irmaaSurcharge": 0,
    "ltcgRate": 0,
    "niit": 0,
    "qcdAmount": 0,
    "rmdExcess": 0,
    "rmdShortfall": 0,
    "rothConversionIrmaaCapped": undefined,
    "rothConversionTax": 0,
    "taxableSocialSecurity": 0,
    "unmetNeed": 0,
    "year": 2057,
  },
  {
    "acaMagiHeadroom": 0,
    "acaSubsidyPreserved": false,
    "age": 69,
    "balanceByTaxType": {
      "afterTax": 3908328.6,
      "afterTaxBasis": 1080301.79,
      "hsa": 0,
      "preTax": 0,
      "taxFree": 647809.93,
    },
    "cumulativeTax": 59362.14,
    "effectiveTaxRate": 0,
    "endingBalance": 4556138.53,
    "federalTax": 0,
    "flags": [
      "ACA lost",
    ],
    "income": {
      "otherWithdrawal": 56976.29,
      "requiredMinimumDistribution": 0,
      "rothConversion": 0,
      "rothWithdrawal": 0,
      "socialSecurity": 30000,
      "traditionalWithdrawal": 0,
    },
    "irmaaSurcharge": 0,
    "ltcgRate": 0,
    "niit": 0,
    "qcdAmount": 0,
    "rmdExcess": 0,
    "rmdShortfall": 0,
    "rothConversionIrmaaCapped": undefined,
    "rothConversionTax": 0,
    "taxableSocialSecurity": 0,
    "unmetNeed": 0,
    "year": 2058,
  },
  {
    "acaMagiHeadroom": 0,
    "acaSubsidyPreserved": false,
    "age": 70,
    "balanceByTaxType": {
      "afterTax": 4041636.8,
      "afterTaxBasis": 1063951.93,
      "hsa": 0,
      "preTax": 0,
      "taxFree": 680200.43,
    },
    "cumulativeTax": 59362.14,
    "effectiveTaxRate": 0,
    "endingBalance": 4721837.23,
    "federalTax": 0,
    "flags": [
      "ACA lost",
    ],
    "income": {
      "otherWithdrawal": 59150.7,
      "requiredMinimumDistribution": 0,
      "rothConversion": 0,
      "rothWithdrawal": 0,
      "socialSecurity": 30000,
      "traditionalWithdrawal": 0,
    },
    "irmaaSurcharge": 0,
    "ltcgRate": 0,
    "niit": 0,
    "qcdAmount": 0,
    "rmdExcess": 0,
    "rmdShortfall": 0,
    "rothConversionIrmaaCapped": undefined,
    "rothConversionTax": 0,
    "taxableSocialSecurity": 0,
    "unmetNeed": 0,
    "year": 2059,
  },
  {
    "acaMagiHeadroom": 0,
    "acaSubsidyPreserved": false,
    "age": 71,
    "balanceByTaxType": {
      "afterTax": 4179270.2,
      "afterTaxBasis": 1047793.92,
      "hsa": 0,
      "preTax": 0,
      "taxFree": 714210.45,
    },
    "cumulativeTax": 59362.14,
    "effectiveTaxRate": 0,
    "endingBalance": 4893480.65,
    "federalTax": 0,
    "flags": [
      "ACA lost",
    ],
    "income": {
      "otherWithdrawal": 61379.47,
      "requiredMinimumDistribution": 0,
      "rothConversion": 0,
      "rothWithdrawal": 0,
      "socialSecurity": 30000,
      "traditionalWithdrawal": 0,
    },
    "irmaaSurcharge": 0,
    "ltcgRate": 0,
    "niit": 0,
    "qcdAmount": 0,
    "rmdExcess": 0,
    "rmdShortfall": 0,
    "rothConversionIrmaaCapped": undefined,
    "rothConversionTax": 0,
    "taxableSocialSecurity": 0,
    "unmetNeed": 0,
    "year": 2060,
  },
  {
    "acaMagiHeadroom": 0,
    "acaSubsidyPreserved": false,
    "age": 72,
    "balanceByTaxType": {
      "afterTax": 4321386.55,
      "afterTaxBasis": 1031832.59,
      "hsa": 0,
      "preTax": 0,
      "taxFree": 749920.97,
    },
    "cumulativeTax": 59362.14,
    "effectiveTaxRate": 0,
    "endingBalance": 5071307.52,
    "federalTax": 0,
    "flags": [
      "ACA lost",
    ],
    "income": {
      "otherWithdrawal": 63663.96,
      "requiredMinimumDistribution": 0,
      "rothConversion": 0,
      "rothWithdrawal": 0,
      "socialSecurity": 30000,
      "traditionalWithdrawal": 0,
    },
    "irmaaSurcharge": 0,
    "ltcgRate": 0,
    "niit": 0,
    "qcdAmount": 0,
    "rmdExcess": 0,
    "rmdShortfall": 0,
    "rothConversionIrmaaCapped": undefined,
    "rothConversionTax": 0,
    "taxableSocialSecurity": 0,
    "unmetNeed": 0,
    "year": 2061,
  },
  {
    "acaMagiHeadroom": 0,
    "acaSubsidyPreserved": false,
    "age": 73,
    "balanceByTaxType": {
      "afterTax": 4468150.05,
      "afterTaxBasis": 1016072.21,
      "hsa": 0,
      "preTax": 0,
      "taxFree": 787417.02,
    },
    "cumulativeTax": 59362.14,
    "effectiveTaxRate": 0,
    "endingBalance": 5255567.07,
    "federalTax": 0,
    "flags": [
      "ACA lost",
    ],
    "income": {
      "otherWithdrawal": 66005.55,
      "requiredMinimumDistribution": 0,
      "rothConversion": 0,
      "rothWithdrawal": 0,
      "socialSecurity": 30000,
      "traditionalWithdrawal": 0,
    },
    "irmaaSurcharge": 0,
    "ltcgRate": 0,
    "niit": 0,
    "qcdAmount": 0,
    "rmdExcess": 0,
    "rmdShortfall": 0,
    "rothConversionIrmaaCapped": undefined,
    "rothConversionTax": 0,
    "taxableSocialSecurity": 0,
    "unmetNeed": 0,
    "year": 2062,
  },
  {
    "acaMagiHeadroom": 0,
    "acaSubsidyPreserved": false,
    "age": 74,
    "balanceByTaxType": {
      "afterTax": 4619731.58,
      "afterTaxBasis": 1000516.53,
      "hsa": 0,
      "preTax": 0,
      "taxFree": 826787.87,
    },
    "cumulativeTax": 59362.14,
    "effectiveTaxRate": 0,
    "endingBalance": 5446519.45,
    "federalTax": 0,
    "flags": [
      "ACA lost",
    ],
    "income": {
      "otherWithdrawal": 68405.69,
      "requiredMinimumDistribution": 0,
      "rothConversion": 0,
      "rothWithdrawal": 0,
      "socialSecurity": 30000,
      "traditionalWithdrawal": 0,
    },
    "irmaaSurcharge": 0,
    "ltcgRate": 0,
    "niit": 0,
    "qcdAmount": 0,
    "rmdExcess": 0,
    "rmdShortfall": 0,
    "rothConversionIrmaaCapped": undefined,
    "rothConversionTax": 0,
    "taxableSocialSecurity": 0,
    "unmetNeed": 0,
    "year": 2063,
  },
  {
    "acaMagiHeadroom": 0,
    "acaSubsidyPreserved": false,
    "age": 75,
    "balanceByTaxType": {
      "afterTax": 4776309.03,
      "afterTaxBasis": 985168.79,
      "hsa": 0,
      "preTax": 0,
      "taxFree": 868127.26,
    },
    "cumulativeTax": 59362.14,
    "effectiveTaxRate": 0,
    "endingBalance": 5644436.29,
    "federalTax": 0,
    "flags": [
      "ACA lost",
    ],
    "income": {
      "otherWithdrawal": 70865.84,
      "requiredMinimumDistribution": 0,
      "rothConversion": 0,
      "rothWithdrawal": 0,
      "socialSecurity": 30000,
      "traditionalWithdrawal": 0,
    },
    "irmaaSurcharge": 0,
    "ltcgRate": 0,
    "niit": 0,
    "qcdAmount": 0,
    "rmdExcess": 0,
    "rmdShortfall": 0,
    "rothConversionIrmaaCapped": undefined,
    "rothConversionTax": 0,
    "taxableSocialSecurity": 0,
    "unmetNeed": 0,
    "year": 2064,
  },
  {
    "acaMagiHeadroom": 0,
    "acaSubsidyPreserved": false,
    "age": 76,
    "balanceByTaxType": {
      "afterTax": 4938067.63,
      "afterTaxBasis": 970031.78,
      "hsa": 0,
      "preTax": 0,
      "taxFree": 911533.62,
    },
    "cumulativeTax": 59362.14,
    "effectiveTaxRate": 0,
    "endingBalance": 5849601.25,
    "federalTax": 0,
    "flags": [
      "ACA lost",
    ],
    "income": {
      "otherWithdrawal": 73387.48,
      "requiredMinimumDistribution": 0,
      "rothConversion": 0,
      "rothWithdrawal": 0,
      "socialSecurity": 30000,
      "traditionalWithdrawal": 0,
    },
    "irmaaSurcharge": 0,
    "ltcgRate": 0,
    "niit": 0,
    "qcdAmount": 0,
    "rmdExcess": 0,
    "rmdShortfall": 0,
    "rothConversionIrmaaCapped": undefined,
    "rothConversionTax": 0,
    "taxableSocialSecurity": 0,
    "unmetNeed": 0,
    "year": 2065,
  },
  {
    "acaMagiHeadroom": 0,
    "acaSubsidyPreserved": false,
    "age": 77,
    "balanceByTaxType": {
      "afterTax": 5105200.23,
      "afterTaxBasis": 955107.84,
      "hsa": 0,
      "preTax": 0,
      "taxFree": 957110.3,
    },
    "cumulativeTax": 59362.14,
    "effectiveTaxRate": 0,
    "endingBalance": 6062310.53,
    "federalTax": 0,
    "flags": [
      "ACA lost",
    ],
    "income": {
      "otherWithdrawal": 75972.17,
      "requiredMinimumDistribution": 0,
      "rothConversion": 0,
      "rothWithdrawal": 0,
      "socialSecurity": 30000,
      "traditionalWithdrawal": 0,
    },
    "irmaaSurcharge": 0,
    "ltcgRate": 0,
    "niit": 0,
    "qcdAmount": 0,
    "rmdExcess": 0,
    "rmdShortfall": 0,
    "rothConversionIrmaaCapped": undefined,
    "rothConversionTax": 0,
    "taxableSocialSecurity": 0,
    "unmetNeed": 0,
    "year": 2066,
  },
  {
    "acaMagiHeadroom": 0,
    "acaSubsidyPreserved": false,
    "age": 78,
    "balanceByTaxType": {
      "afterTax": 5277907.7,
      "afterTaxBasis": 940398.92,
      "hsa": 0,
      "preTax": 0,
      "taxFree": 1004965.82,
    },
    "cumulativeTax": 59362.14,
    "effectiveTaxRate": 0,
    "endingBalance": 6282873.52,
    "federalTax": 0,
    "flags": [
      "ACA lost",
    ],
    "income": {
      "otherWithdrawal": 78621.47,
      "requiredMinimumDistribution": 0,
      "rothConversion": 0,
      "rothWithdrawal": 0,
      "socialSecurity": 30000,
      "traditionalWithdrawal": 0,
    },
    "irmaaSurcharge": 0,
    "ltcgRate": 0,
    "niit": 0,
    "qcdAmount": 0,
    "rmdExcess": 0,
    "rmdShortfall": 0,
    "rothConversionIrmaaCapped": undefined,
    "rothConversionTax": 0,
    "taxableSocialSecurity": 0,
    "unmetNeed": 0,
    "year": 2067,
  },
  {
    "acaMagiHeadroom": 0,
    "acaSubsidyPreserved": false,
    "age": 79,
    "balanceByTaxType": {
      "afterTax": 5456399.22,
      "afterTaxBasis": 925906.58,
      "hsa": 0,
      "preTax": 0,
      "taxFree": 1055214.11,
    },
    "cumulativeTax": 59362.14,
    "effectiveTaxRate": 0,
    "endingBalance": 6511613.33,
    "federalTax": 0,
    "flags": [
      "ACA lost",
    ],
    "income": {
      "otherWithdrawal": 81337.01,
      "requiredMinimumDistribution": 0,
      "rothConversion": 0,
      "rothWithdrawal": 0,
      "socialSecurity": 30000,
      "traditionalWithdrawal": 0,
    },
    "irmaaSurcharge": 0,
    "ltcgRate": 0,
    "niit": 0,
    "qcdAmount": 0,
    "rmdExcess": 0,
    "rmdShortfall": 0,
    "rothConversionIrmaaCapped": undefined,
    "rothConversionTax": 0,
    "taxableSocialSecurity": 0,
    "unmetNeed": 0,
    "year": 2068,
  },
  {
    "acaMagiHeadroom": 0,
    "acaSubsidyPreserved": false,
    "age": 80,
    "balanceByTaxType": {
      "afterTax": 5640892.73,
      "afterTaxBasis": 911632.03,
      "hsa": 0,
      "preTax": 0,
      "taxFree": 1107974.82,
    },
    "cumulativeTax": 59362.14,
    "effectiveTaxRate": 0,
    "endingBalance": 6748867.55,
    "federalTax": 0,
    "flags": [
      "ACA lost",
    ],
    "income": {
      "otherWithdrawal": 84120.43,
      "requiredMinimumDistribution": 0,
      "rothConversion": 0,
      "rothWithdrawal": 0,
      "socialSecurity": 30000,
      "traditionalWithdrawal": 0,
    },
    "irmaaSurcharge": 0,
    "ltcgRate": 0,
    "niit": 0,
    "qcdAmount": 0,
    "rmdExcess": 0,
    "rmdShortfall": 0,
    "rothConversionIrmaaCapped": undefined,
    "rothConversionTax": 0,
    "taxableSocialSecurity": 0,
    "unmetNeed": 0,
    "year": 2069,
  },
  {
    "acaMagiHeadroom": 0,
    "acaSubsidyPreserved": false,
    "age": 81,
    "balanceByTaxType": {
      "afterTax": 5831615.24,
      "afterTaxBasis": 897576.14,
      "hsa": 0,
      "preTax": 0,
      "taxFree": 1163373.56,
    },
    "cumulativeTax": 59362.14,
    "effectiveTaxRate": 0,
    "endingBalance": 6994988.8,
    "federalTax": 0,
    "flags": [
      "ACA lost",
    ],
    "income": {
      "otherWithdrawal": 86973.45,
      "requiredMinimumDistribution": 0,
      "rothConversion": 0,
      "rothWithdrawal": 0,
      "socialSecurity": 30000,
      "traditionalWithdrawal": 0,
    },
    "irmaaSurcharge": 0,
    "ltcgRate": 0,
    "niit": 0,
    "qcdAmount": 0,
    "rmdExcess": 0,
    "rmdShortfall": 0,
    "rothConversionIrmaaCapped": undefined,
    "rothConversionTax": 0,
    "taxableSocialSecurity": 0,
    "unmetNeed": 0,
    "year": 2070,
  },
  {
    "acaMagiHeadroom": 0,
    "acaSubsidyPreserved": false,
    "age": 82,
    "balanceByTaxType": {
      "afterTax": 6028803.33,
      "afterTaxBasis": 883739.48,
      "hsa": 0,
      "preTax": 0,
      "taxFree": 1221542.24,
    },
    "cumulativeTax": 59362.14,
    "effectiveTaxRate": 0,
    "endingBalance": 7250345.57,
    "federalTax": 0,
    "flags": [
      "ACA lost",
    ],
    "income": {
      "otherWithdrawal": 89897.78,
      "requiredMinimumDistribution": 0,
      "rothConversion": 0,
      "rothWithdrawal": 0,
      "socialSecurity": 30000,
      "traditionalWithdrawal": 0,
    },
    "irmaaSurcharge": 0,
    "ltcgRate": 0,
    "niit": 0,
    "qcdAmount": 0,
    "rmdExcess": 0,
    "rmdShortfall": 0,
    "rothConversionIrmaaCapped": undefined,
    "rothConversionTax": 0,
    "taxableSocialSecurity": 0,
    "unmetNeed": 0,
    "year": 2071,
  },
  {
    "acaMagiHeadroom": 0,
    "acaSubsidyPreserved": false,
    "age": 83,
    "balanceByTaxType": {
      "afterTax": 6232703.51,
      "afterTaxBasis": 870122.32,
      "hsa": 0,
      "preTax": 0,
      "taxFree": 1282619.35,
    },
    "cumulativeTax": 59362.14,
    "effectiveTaxRate": 0,
    "endingBalance": 7515322.86,
    "federalTax": 0,
    "flags": [
      "ACA lost",
    ],
    "income": {
      "otherWithdrawal": 92895.23,
      "requiredMinimumDistribution": 0,
      "rothConversion": 0,
      "rothWithdrawal": 0,
      "socialSecurity": 30000,
      "traditionalWithdrawal": 0,
    },
    "irmaaSurcharge": 0,
    "ltcgRate": 0,
    "niit": 0,
    "qcdAmount": 0,
    "rmdExcess": 0,
    "rmdShortfall": 0,
    "rothConversionIrmaaCapped": undefined,
    "rothConversionTax": 0,
    "taxableSocialSecurity": 0,
    "unmetNeed": 0,
    "year": 2072,
  },
  {
    "acaMagiHeadroom": 0,
    "acaSubsidyPreserved": false,
    "age": 84,
    "balanceByTaxType": {
      "afterTax": 6443572.7,
      "afterTaxBasis": 856724.67,
      "hsa": 0,
      "preTax": 0,
      "taxFree": 1346750.32,
    },
    "cumulativeTax": 59362.14,
    "effectiveTaxRate": 0,
    "endingBalance": 7790323.02,
    "federalTax": 0,
    "flags": [
      "ACA lost",
    ],
    "income": {
      "otherWithdrawal": 95967.61,
      "requiredMinimumDistribution": 0,
      "rothConversion": 0,
      "rothWithdrawal": 0,
      "socialSecurity": 30000,
      "traditionalWithdrawal": 0,
    },
    "irmaaSurcharge": 0,
    "ltcgRate": 0,
    "niit": 0,
    "qcdAmount": 0,
    "rmdExcess": 0,
    "rmdShortfall": 0,
    "rothConversionIrmaaCapped": undefined,
    "rothConversionTax": 0,
    "taxableSocialSecurity": 0,
    "unmetNeed": 0,
    "year": 2073,
  },
  {
    "acaMagiHeadroom": 0,
    "acaSubsidyPreserved": false,
    "age": 85,
    "balanceByTaxType": {
      "afterTax": 6661678.7,
      "afterTaxBasis": 843546.3,
      "hsa": 0,
      "preTax": 0,
      "taxFree": 1414087.84,
    },
    "cumulativeTax": 59362.14,
    "effectiveTaxRate": 0,
    "endingBalance": 8075766.54,
    "federalTax": 0,
    "flags": [
      "ACA lost",
    ],
    "income": {
      "otherWithdrawal": 99116.8,
      "requiredMinimumDistribution": 0,
      "rothConversion": 0,
      "rothWithdrawal": 0,
      "socialSecurity": 30000,
      "traditionalWithdrawal": 0,
    },
    "irmaaSurcharge": 0,
    "ltcgRate": 0,
    "niit": 0,
    "qcdAmount": 0,
    "rmdExcess": 0,
    "rmdShortfall": 0,
    "rothConversionIrmaaCapped": undefined,
    "rothConversionTax": 0,
    "taxableSocialSecurity": 0,
    "unmetNeed": 0,
    "year": 2074,
  },
  {
    "acaMagiHeadroom": 0,
    "acaSubsidyPreserved": false,
    "age": 86,
    "balanceByTaxType": {
      "afterTax": 6887300.68,
      "afterTaxBasis": 830586.73,
      "hsa": 0,
      "preTax": 0,
      "taxFree": 1484792.23,
    },
    "cumulativeTax": 59362.14,
    "effectiveTaxRate": 0,
    "endingBalance": 8372092.91,
    "federalTax": 0,
    "flags": [
      "ACA lost",
    ],
    "income": {
      "otherWithdrawal": 102344.72,
      "requiredMinimumDistribution": 0,
      "rothConversion": 0,
      "rothWithdrawal": 0,
      "socialSecurity": 30000,
      "traditionalWithdrawal": 0,
    },
    "irmaaSurcharge": 0,
    "ltcgRate": 0,
    "niit": 0,
    "qcdAmount": 0,
    "rmdExcess": 0,
    "rmdShortfall": 0,
    "rothConversionIrmaaCapped": undefined,
    "rothConversionTax": 0,
    "taxableSocialSecurity": 0,
    "unmetNeed": 0,
    "year": 2075,
  },
  {
    "acaMagiHeadroom": 0,
    "acaSubsidyPreserved": false,
    "age": 87,
    "balanceByTaxType": {
      "afterTax": 7120729.72,
      "afterTaxBasis": 817845.27,
      "hsa": 0,
      "preTax": 0,
      "taxFree": 1559031.84,
    },
    "cumulativeTax": 59362.14,
    "effectiveTaxRate": 0,
    "endingBalance": 8679761.56,
    "federalTax": 0,
    "flags": [
      "ACA lost",
    ],
    "income": {
      "otherWithdrawal": 105653.33,
      "requiredMinimumDistribution": 0,
      "rothConversion": 0,
      "rothWithdrawal": 0,
      "socialSecurity": 30000,
      "traditionalWithdrawal": 0,
    },
    "irmaaSurcharge": 0,
    "ltcgRate": 0,
    "niit": 0,
    "qcdAmount": 0,
    "rmdExcess": 0,
    "rmdShortfall": 0,
    "rothConversionIrmaaCapped": undefined,
    "rothConversionTax": 0,
    "taxableSocialSecurity": 0,
    "unmetNeed": 0,
    "year": 2076,
  },
  {
    "acaMagiHeadroom": 0,
    "acaSubsidyPreserved": false,
    "age": 88,
    "balanceByTaxType": {
      "afterTax": 7362269.3,
      "afterTaxBasis": 805321.04,
      "hsa": 0,
      "preTax": 0,
      "taxFree": 1636983.43,
    },
    "cumulativeTax": 59362.14,
    "effectiveTaxRate": 0,
    "endingBalance": 8999252.73,
    "federalTax": 0,
    "flags": [
      "ACA lost",
    ],
    "income": {
      "otherWithdrawal": 109044.67,
      "requiredMinimumDistribution": 0,
      "rothConversion": 0,
      "rothWithdrawal": 0,
      "socialSecurity": 30000,
      "traditionalWithdrawal": 0,
    },
    "irmaaSurcharge": 0,
    "ltcgRate": 0,
    "niit": 0,
    "qcdAmount": 0,
    "rmdExcess": 0,
    "rmdShortfall": 0,
    "rothConversionIrmaaCapped": undefined,
    "rothConversionTax": 0,
    "taxableSocialSecurity": 0,
    "unmetNeed": 0,
    "year": 2077,
  },
  {
    "acaMagiHeadroom": 0,
    "acaSubsidyPreserved": false,
    "age": 89,
    "balanceByTaxType": {
      "afterTax": 7612235.95,
      "afterTaxBasis": 793012.97,
      "hsa": 0,
      "preTax": 0,
      "taxFree": 1718832.6,
    },
    "cumulativeTax": 59362.14,
    "effectiveTaxRate": 0,
    "endingBalance": 9331068.55,
    "federalTax": 0,
    "flags": [
      "ACA lost",
    ],
    "income": {
      "otherWithdrawal": 112520.78,
      "requiredMinimumDistribution": 0,
      "rothConversion": 0,
      "rothWithdrawal": 0,
      "socialSecurity": 30000,
      "traditionalWithdrawal": 0,
    },
    "irmaaSurcharge": 0,
    "ltcgRate": 0,
    "niit": 0,
    "qcdAmount": 0,
    "rmdExcess": 0,
    "rmdShortfall": 0,
    "rothConversionIrmaaCapped": undefined,
    "rothConversionTax": 0,
    "taxableSocialSecurity": 0,
    "unmetNeed": 0,
    "year": 2078,
  },
]
`;
