// Vitest Snapshot v1, https://vitest.dev/guide/snapshot.html

exports[`projection router — projectTaxYears > derived TaxYearRow[] shape is stable (golden file) 1`] = `
[
  {
    "acaMagiHeadroom": 0,
    "acaSubsidyPreserved": false,
    "age": 65,
    "balanceByTaxType": {
      "afterTax": 3642055.41,
      "afterTaxBasis": 1177812.5,
      "hsa": 0,
      "preTax": 466109.55,
      "taxFree": 247796.8,
    },
    "cumulativeTax": 27336.16,
    "effectiveTaxRate": 0.0018999048141416178,
    "endingBalance": 4355961.76,
    "federalTax": 154.49,
    "flags": [
      "ACA lost",
      "Roth conversion",
    ],
    "income": {
      "otherWithdrawal": 0,
      "requiredMinimumDistribution": 0,
      "rothConversion": 235996.95,
      "rothWithdrawal": 0,
      "socialSecurity": 0,
      "traditionalWithdrawal": 81314.6,
    },
    "irmaaSurcharge": 0,
    "ltcgRate": 0.15,
    "niit": 0,
    "qcdAmount": 0,
    "rmdExcess": 0,
    "rmdShortfall": 0,
    "rothConversionIrmaaCapped": undefined,
    "rothConversionTax": 27181.67,
    "taxableSocialSecurity": 0,
    "unmetNeed": 0,
    "year": 2055,
  },
  {
    "acaMagiHeadroom": 0,
    "acaSubsidyPreserved": false,
    "age": 66,
    "balanceByTaxType": {
      "afterTax": 3794713.86,
      "afterTaxBasis": 1168743.87,
      "hsa": 0,
      "preTax": 146242.59,
      "taxFree": 515890.77,
    },
    "cumulativeTax": 55492.399999999994,
    "effectiveTaxRate": 0.0013688557995706046,
    "endingBalance": 4456847.22,
    "federalTax": 114.03,
    "flags": [
      "ACA lost",
      "Roth conversion",
    ],
    "income": {
      "otherWithdrawal": 0,
      "requiredMinimumDistribution": 0,
      "rothConversion": 243527.74,
      "rothWithdrawal": 0,
      "socialSecurity": 0,
      "traditionalWithdrawal": 83303.15,
    },
    "irmaaSurcharge": 0,
    "ltcgRate": 0.15,
    "niit": 0,
    "qcdAmount": 0,
    "rmdExcess": 0,
    "rmdShortfall": 0,
    "rothConversionIrmaaCapped": undefined,
    "rothConversionTax": 28042.21,
    "taxableSocialSecurity": 0,
    "unmetNeed": 0,
    "year": 2056,
  },
  {
    "acaMagiHeadroom": 0,
    "acaSubsidyPreserved": false,
    "age": 67,
    "balanceByTaxType": {
      "afterTax": 3974775.13,
      "afterTaxBasis": 1165906.11,
      "hsa": 0,
      "preTax": 0,
      "taxFree": 637207.74,
    },
    "cumulativeTax": 64706.13999999999,
    "effectiveTaxRate": 0,
    "endingBalance": 4611982.87,
    "federalTax": 0,
    "flags": [
      "ACA lost",
      "Roth conversion",
    ],
    "income": {
      "otherWithdrawal": 0,
      "requiredMinimumDistribution": 0,
      "rothConversion": 90973.74,
      "rothWithdrawal": 0,
      "socialSecurity": 30000,
      "traditionalWithdrawal": 55268.85,
    },
    "irmaaSurcharge": 0,
    "ltcgRate": 0,
    "niit": 0,
    "qcdAmount": 0,
    "rmdExcess": 0,
    "rmdShortfall": 0,
    "rothConversionIrmaaCapped": undefined,
    "rothConversionTax": 9213.74,
    "taxableSocialSecurity": 25500,
    "unmetNeed": 0,
    "year": 2057,
  },
  {
    "acaMagiHeadroom": 0,
    "acaSubsidyPreserved": false,
    "age": 68,
    "balanceByTaxType": {
      "afterTax": 4113243.29,
      "afterTaxBasis": 1149069.01,
      "hsa": 0,
      "preTax": 0,
      "taxFree": 669068.13,
    },
    "cumulativeTax": 64706.13999999999,
    "effectiveTaxRate": 0,
    "endingBalance": 4782311.42,
    "federalTax": 0,
    "flags": [
      "ACA lost",
    ],
    "income": {
      "otherWithdrawal": 57400.57,
      "requiredMinimumDistribution": 0,
      "rothConversion": 0,
      "rothWithdrawal": 0,
      "socialSecurity": 30000,
      "traditionalWithdrawal": 0,
    },
    "irmaaSurcharge": 0,
    "ltcgRate": 0,
    "niit": 0,
    "qcdAmount": 0,
    "rmdExcess": 0,
    "rmdShortfall": 0,
    "rothConversionIrmaaCapped": undefined,
    "rothConversionTax": 0,
    "taxableSocialSecurity": 0,
    "unmetNeed": 0,
    "year": 2058,
  },
  {
    "acaMagiHeadroom": 0,
    "acaSubsidyPreserved": false,
    "age": 69,
    "balanceByTaxType": {
      "afterTax": 4256340.6,
      "afterTaxBasis": 1132423.28,
      "hsa": 0,
      "preTax": 0,
      "taxFree": 702521.54,
    },
    "cumulativeTax": 64706.13999999999,
    "effectiveTaxRate": 0,
    "endingBalance": 4958862.14,
    "federalTax": 0,
    "flags": [
      "ACA lost",
    ],
    "income": {
      "otherWithdrawal": 59585.58,
      "requiredMinimumDistribution": 0,
      "rothConversion": 0,
      "rothWithdrawal": 0,
      "socialSecurity": 30000,
      "traditionalWithdrawal": 0,
    },
    "irmaaSurcharge": 0,
    "ltcgRate": 0,
    "niit": 0,
    "qcdAmount": 0,
    "rmdExcess": 0,
    "rmdShortfall": 0,
    "rothConversionIrmaaCapped": undefined,
    "rothConversionTax": 0,
    "taxableSocialSecurity": 0,
    "unmetNeed": 0,
    "year": 2059,
  },
  {
    "acaMagiHeadroom": 0,
    "acaSubsidyPreserved": false,
    "age": 70,
    "balanceByTaxType": {
      "afterTax": 4404241.15,
      "afterTaxBasis": 1115974.33,
      "hsa": 0,
      "preTax": 0,
      "taxFree": 737647.62,
    },
    "cumulativeTax": 64706.13999999999,
    "effectiveTaxRate": 0,
    "endingBalance": 5141888.77,
    "federalTax": 0,
    "flags": [
      "ACA lost",
    ],
    "income": {
      "otherWithdrawal": 61825.22,
      "requiredMinimumDistribution": 0,
      "rothConversion": 0,
      "rothWithdrawal": 0,
      "socialSecurity": 30000,
      "traditionalWithdrawal": 0,
    },
    "irmaaSurcharge": 0,
    "ltcgRate": 0,
    "niit": 0,
    "qcdAmount": 0,
    "rmdExcess": 0,
    "rmdShortfall": 0,
    "rothConversionIrmaaCapped": undefined,
    "rothConversionTax": 0,
    "taxableSocialSecurity": 0,
    "unmetNeed": 0,
    "year": 2060,
  },
  {
    "acaMagiHeadroom": 0,
    "acaSubsidyPreserved": false,
    "age": 71,
    "balanceByTaxType": {
      "afterTax": 4557126.32,
      "afterTaxBasis": 1099726.99,
      "hsa": 0,
      "preTax": 0,
      "taxFree": 774530,
    },
    "cumulativeTax": 64706.13999999999,
    "effectiveTaxRate": 0,
    "endingBalance": 5331656.32,
    "federalTax": 0,
    "flags": [
      "ACA lost",
    ],
    "income": {
      "otherWithdrawal": 64120.85,
      "requiredMinimumDistribution": 0,
      "rothConversion": 0,
      "rothWithdrawal": 0,
      "socialSecurity": 30000,
      "traditionalWithdrawal": 0,
    },
    "irmaaSurcharge": 0,
    "ltcgRate": 0,
    "niit": 0,
    "qcdAmount": 0,
    "rmdExcess": 0,
    "rmdShortfall": 0,
    "rothConversionIrmaaCapped": undefined,
    "rothConversionTax": 0,
    "taxableSocialSecurity": 0,
    "unmetNeed": 0,
    "year": 2061,
  },
  {
    "acaMagiHeadroom": 0,
    "acaSubsidyPreserved": false,
    "age": 72,
    "balanceByTaxType": {
      "afterTax": 4715185.07,
      "afterTaxBasis": 1083685.5,
      "hsa": 0,
      "preTax": 0,
      "taxFree": 813256.5,
    },
    "cumulativeTax": 64706.13999999999,
    "effectiveTaxRate": 0,
    "endingBalance": 5528441.57,
    "federalTax": 0,
    "flags": [
      "ACA lost",
    ],
    "income": {
      "otherWithdrawal": 66473.87,
      "requiredMinimumDistribution": 0,
      "rothConversion": 0,
      "rothWithdrawal": 0,
      "socialSecurity": 30000,
      "traditionalWithdrawal": 0,
    },
    "irmaaSurcharge": 0,
    "ltcgRate": 0,
    "niit": 0,
    "qcdAmount": 0,
    "rmdExcess": 0,
    "rmdShortfall": 0,
    "rothConversionIrmaaCapped": undefined,
    "rothConversionTax": 0,
    "taxableSocialSecurity": 0,
    "unmetNeed": 0,
    "year": 2062,
  },
  {
    "acaMagiHeadroom": 0,
    "acaSubsidyPreserved": false,
    "age": 73,
    "balanceByTaxType": {
      "afterTax": 4878614.32,
      "afterTaxBasis": 1067853.58,
      "hsa": 0,
      "preTax": 0,
      "taxFree": 853919.33,
    },
    "cumulativeTax": 64706.13999999999,
    "effectiveTaxRate": 0,
    "endingBalance": 5732533.65,
    "federalTax": 0,
    "flags": [
      "ACA lost",
    ],
    "income": {
      "otherWithdrawal": 68885.72,
      "requiredMinimumDistribution": 0,
      "rothConversion": 0,
      "rothWithdrawal": 0,
      "socialSecurity": 30000,
      "traditionalWithdrawal": 0,
    },
    "irmaaSurcharge": 0,
    "ltcgRate": 0,
    "niit": 0,
    "qcdAmount": 0,
    "rmdExcess": 0,
    "rmdShortfall": 0,
    "rothConversionIrmaaCapped": undefined,
    "rothConversionTax": 0,
    "taxableSocialSecurity": 0,
    "unmetNeed": 0,
    "year": 2063,
  },
  {
    "acaMagiHeadroom": 0,
    "acaSubsidyPreserved": false,
    "age": 74,
    "balanceByTaxType": {
      "afterTax": 5047619.28,
      "afterTaxBasis": 1052234.44,
      "hsa": 0,
      "preTax": 0,
      "taxFree": 896615.3,
    },
    "cumulativeTax": 64706.13999999999,
    "effectiveTaxRate": 0,
    "endingBalance": 5944234.58,
    "federalTax": 0,
    "flags": [
      "ACA lost",
    ],
    "income": {
      "otherWithdrawal": 71357.86,
      "requiredMinimumDistribution": 0,
      "rothConversion": 0,
      "rothWithdrawal": 0,
      "socialSecurity": 30000,
      "traditionalWithdrawal": 0,
    },
    "irmaaSurcharge": 0,
    "ltcgRate": 0,
    "niit": 0,
    "qcdAmount": 0,
    "rmdExcess": 0,
    "rmdShortfall": 0,
    "rothConversionIrmaaCapped": undefined,
    "rothConversionTax": 0,
    "taxableSocialSecurity": 0,
    "unmetNeed": 0,
    "year": 2064,
  },
  {
    "acaMagiHeadroom": 0,
    "acaSubsidyPreserved": false,
    "age": 75,
    "balanceByTaxType": {
      "afterTax": 5222413.84,
      "afterTaxBasis": 1036830.84,
      "hsa": 0,
      "preTax": 0,
      "taxFree": 941446.07,
    },
    "cumulativeTax": 64706.13999999999,
    "effectiveTaxRate": 0,
    "endingBalance": 6163859.91,
    "federalTax": 0,
    "flags": [
      "ACA lost",
    ],
    "income": {
      "otherWithdrawal": 73891.81,
      "requiredMinimumDistribution": 0,
      "rothConversion": 0,
      "rothWithdrawal": 0,
      "socialSecurity": 30000,
      "traditionalWithdrawal": 0,
    },
    "irmaaSurcharge": 0,
    "ltcgRate": 0,
    "niit": 0,
    "qcdAmount": 0,
    "rmdExcess": 0,
    "rmdShortfall": 0,
    "rothConversionIrmaaCapped": undefined,
    "rothConversionTax": 0,
    "taxableSocialSecurity": 0,
    "unmetNeed": 0,
    "year": 2065,
  },
  {
    "acaMagiHeadroom": 0,
    "acaSubsidyPreserved": false,
    "age": 76,
    "balanceByTaxType": {
      "afterTax": 5403220.97,
      "afterTaxBasis": 1021645.09,
      "hsa": 0,
      "preTax": 0,
      "taxFree": 988518.37,
    },
    "cumulativeTax": 64706.13999999999,
    "effectiveTaxRate": 0,
    "endingBalance": 6391739.34,
    "federalTax": 0,
    "flags": [
      "ACA lost",
    ],
    "income": {
      "otherWithdrawal": 76489.11,
      "requiredMinimumDistribution": 0,
      "rothConversion": 0,
      "rothWithdrawal": 0,
      "socialSecurity": 30000,
      "traditionalWithdrawal": 0,
    },
    "irmaaSurcharge": 0,
    "ltcgRate": 0,
    "niit": 0,
    "qcdAmount": 0,
    "rmdExcess": 0,
    "rmdShortfall": 0,
    "rothConversionIrmaaCapped": undefined,
    "rothConversionTax": 0,
    "taxableSocialSecurity": 0,
    "unmetNeed": 0,
    "year": 2066,
  },
  {
    "acaMagiHeadroom": 0,
    "acaSubsidyPreserved": false,
    "age": 77,
    "balanceByTaxType": {
      "afterTax": 5590273.12,
      "afterTaxBasis": 1006679.1,
      "hsa": 0,
      "preTax": 0,
      "taxFree": 1037944.29,
    },
    "cumulativeTax": 64706.13999999999,
    "effectiveTaxRate": 0,
    "endingBalance": 6628217.41,
    "federalTax": 0,
    "flags": [
      "ACA lost",
    ],
    "income": {
      "otherWithdrawal": 79151.33,
      "requiredMinimumDistribution": 0,
      "rothConversion": 0,
      "rothWithdrawal": 0,
      "socialSecurity": 30000,
      "traditionalWithdrawal": 0,
    },
    "irmaaSurcharge": 0,
    "ltcgRate": 0,
    "niit": 0,
    "qcdAmount": 0,
    "rmdExcess": 0,
    "rmdShortfall": 0,
    "rothConversionIrmaaCapped": undefined,
    "rothConversionTax": 0,
    "taxableSocialSecurity": 0,
    "unmetNeed": 0,
    "year": 2067,
  },
  {
    "acaMagiHeadroom": 0,
    "acaSubsidyPreserved": false,
    "age": 78,
    "balanceByTaxType": {
      "afterTax": 5783812.65,
      "afterTaxBasis": 991934.38,
      "hsa": 0,
      "preTax": 0,
      "taxFree": 1089841.5,
    },
    "cumulativeTax": 64706.13999999999,
    "effectiveTaxRate": 0,
    "endingBalance": 6873654.15,
    "federalTax": 0,
    "flags": [
      "ACA lost",
    ],
    "income": {
      "otherWithdrawal": 81880.12,
      "requiredMinimumDistribution": 0,
      "rothConversion": 0,
      "rothWithdrawal": 0,
      "socialSecurity": 30000,
      "traditionalWithdrawal": 0,
    },
    "irmaaSurcharge": 0,
    "ltcgRate": 0,
    "niit": 0,
    "qcdAmount": 0,
    "rmdExcess": 0,
    "rmdShortfall": 0,
    "rothConversionIrmaaCapped": undefined,
    "rothConversionTax": 0,
    "taxableSocialSecurity": 0,
    "unmetNeed": 0,
    "year": 2068,
  },
  {
    "acaMagiHeadroom": 0,
    "acaSubsidyPreserved": false,
    "age": 79,
    "balanceByTaxType": {
      "afterTax": 5984092.31,
      "afterTaxBasis": 977412.1,
      "hsa": 0,
      "preTax": 0,
      "taxFree": 1144333.58,
    },
    "cumulativeTax": 64706.13999999999,
    "effectiveTaxRate": 0,
    "endingBalance": 7128425.89,
    "federalTax": 0,
    "flags": [
      "ACA lost",
    ],
    "income": {
      "otherWithdrawal": 84677.12,
      "requiredMinimumDistribution": 0,
      "rothConversion": 0,
      "rothWithdrawal": 0,
      "socialSecurity": 30000,
      "traditionalWithdrawal": 0,
    },
    "irmaaSurcharge": 0,
    "ltcgRate": 0,
    "niit": 0,
    "qcdAmount": 0,
    "rmdExcess": 0,
    "rmdShortfall": 0,
    "rothConversionIrmaaCapped": undefined,
    "rothConversionTax": 0,
    "taxableSocialSecurity": 0,
    "unmetNeed": 0,
    "year": 2069,
  },
  {
    "acaMagiHeadroom": 0,
    "acaSubsidyPreserved": false,
    "age": 80,
    "balanceByTaxType": {
      "afterTax": 6191375.67,
      "afterTaxBasis": 963113.09,
      "hsa": 0,
      "preTax": 0,
      "taxFree": 1201550.26,
    },
    "cumulativeTax": 64706.13999999999,
    "effectiveTaxRate": 0,
    "endingBalance": 7392925.93,
    "federalTax": 0,
    "flags": [
      "ACA lost",
    ],
    "income": {
      "otherWithdrawal": 87544.05,
      "requiredMinimumDistribution": 0,
      "rothConversion": 0,
      "rothWithdrawal": 0,
      "socialSecurity": 30000,
      "traditionalWithdrawal": 0,
    },
    "irmaaSurcharge": 0,
    "ltcgRate": 0,
    "niit": 0,
    "qcdAmount": 0,
    "rmdExcess": 0,
    "rmdShortfall": 0,
    "rothConversionIrmaaCapped": undefined,
    "rothConversionTax": 0,
    "taxableSocialSecurity": 0,
    "unmetNeed": 0,
    "year": 2070,
  },
  {
    "acaMagiHeadroom": 0,
    "acaSubsidyPreserved": false,
    "age": 81,
    "balanceByTaxType": {
      "afterTax": 6405937.67,
      "afterTaxBasis": 949037.86,
      "hsa": 0,
      "preTax": 0,
      "taxFree": 1261627.77,
    },
    "cumulativeTax": 64706.13999999999,
    "effectiveTaxRate": 0,
    "endingBalance": 7667565.44,
    "federalTax": 0,
    "flags": [
      "ACA lost",
    ],
    "income": {
      "otherWithdrawal": 90482.65,
      "requiredMinimumDistribution": 0,
      "rothConversion": 0,
      "rothWithdrawal": 0,
      "socialSecurity": 30000,
      "traditionalWithdrawal": 0,
    },
    "irmaaSurcharge": 0,
    "ltcgRate": 0,
    "niit": 0,
    "qcdAmount": 0,
    "rmdExcess": 0,
    "rmdShortfall": 0,
    "rothConversionIrmaaCapped": undefined,
    "rothConversionTax": 0,
    "taxableSocialSecurity": 0,
    "unmetNeed": 0,
    "year": 2071,
  },
  {
    "acaMagiHeadroom": 0,
    "acaSubsidyPreserved": false,
    "age": 82,
    "balanceByTaxType": {
      "afterTax": 6628065.11,
      "afterTaxBasis": 935186.65,
      "hsa": 0,
      "preTax": 0,
      "taxFree": 1324709.16,
    },
    "cumulativeTax": 64706.13999999999,
    "effectiveTaxRate": 0,
    "endingBalance": 7952774.27,
    "federalTax": 0,
    "flags": [
      "ACA lost",
    ],
    "income": {
      "otherWithdrawal": 93494.71,
      "requiredMinimumDistribution": 0,
      "rothConversion": 0,
      "rothWithdrawal": 0,
      "socialSecurity": 30000,
      "traditionalWithdrawal": 0,
    },
    "irmaaSurcharge": 0,
    "ltcgRate": 0,
    "niit": 0,
    "qcdAmount": 0,
    "rmdExcess": 0,
    "rmdShortfall": 0,
    "rothConversionIrmaaCapped": undefined,
    "rothConversionTax": 0,
    "taxableSocialSecurity": 0,
    "unmetNeed": 0,
    "year": 2072,
  },
  {
    "acaMagiHeadroom": 0,
    "acaSubsidyPreserved": false,
    "age": 83,
    "balanceByTaxType": {
      "afterTax": 6858057.18,
      "afterTaxBasis": 921559.4,
      "hsa": 0,
      "preTax": 0,
      "taxFree": 1390944.62,
    },
    "cumulativeTax": 64706.13999999999,
    "effectiveTaxRate": 0,
    "endingBalance": 8249001.8,
    "federalTax": 0,
    "flags": [
      "ACA lost",
    ],
    "income": {
      "otherWithdrawal": 96582.08,
      "requiredMinimumDistribution": 0,
      "rothConversion": 0,
      "rothWithdrawal": 0,
      "socialSecurity": 30000,
      "traditionalWithdrawal": 0,
    },
    "irmaaSurcharge": 0,
    "ltcgRate": 0,
    "niit": 0,
    "qcdAmount": 0,
    "rmdExcess": 0,
    "rmdShortfall": 0,
    "rothConversionIrmaaCapped": undefined,
    "rothConversionTax": 0,
    "taxableSocialSecurity": 0,
    "unmetNeed": 0,
    "year": 2073,
  },
  {
    "acaMagiHeadroom": 0,
    "acaSubsidyPreserved": false,
    "age": 84,
    "balanceByTaxType": {
      "afterTax": 7096226.08,
      "afterTaxBasis": 908155.83,
      "hsa": 0,
      "preTax": 0,
      "taxFree": 1460491.85,
    },
    "cumulativeTax": 64706.13999999999,
    "effectiveTaxRate": 0,
    "endingBalance": 8556717.93,
    "federalTax": 0,
    "flags": [
      "ACA lost",
    ],
    "income": {
      "otherWithdrawal": 99746.63,
      "requiredMinimumDistribution": 0,
      "rothConversion": 0,
      "rothWithdrawal": 0,
      "socialSecurity": 30000,
      "traditionalWithdrawal": 0,
    },
    "irmaaSurcharge": 0,
    "ltcgRate": 0,
    "niit": 0,
    "qcdAmount": 0,
    "rmdExcess": 0,
    "rmdShortfall": 0,
    "rothConversionIrmaaCapped": undefined,
    "rothConversionTax": 0,
    "taxableSocialSecurity": 0,
    "unmetNeed": 0,
    "year": 2074,
  },
  {
    "acaMagiHeadroom": 0,
    "acaSubsidyPreserved": false,
    "age": 85,
    "balanceByTaxType": {
      "afterTax": 7342897.57,
      "afterTaxBasis": 894975.41,
      "hsa": 0,
      "preTax": 0,
      "taxFree": 1533516.44,
    },
    "cumulativeTax": 64706.13999999999,
    "effectiveTaxRate": 0,
    "endingBalance": 8876414.01,
    "federalTax": 0,
    "flags": [
      "ACA lost",
    ],
    "income": {
      "otherWithdrawal": 102990.3,
      "requiredMinimumDistribution": 0,
      "rothConversion": 0,
      "rothWithdrawal": 0,
      "socialSecurity": 30000,
      "traditionalWithdrawal": 0,
    },
    "irmaaSurcharge": 0,
    "ltcgRate": 0,
    "niit": 0,
    "qcdAmount": 0,
    "rmdExcess": 0,
    "rmdShortfall": 0,
    "rothConversionIrmaaCapped": undefined,
    "rothConversionTax": 0,
    "taxableSocialSecurity": 0,
    "unmetNeed": 0,
    "year": 2075,
  },
  {
    "acaMagiHeadroom": 0,
    "acaSubsidyPreserved": false,
    "age": 86,
    "balanceByTaxType": {
      "afterTax": 7598411.64,
      "afterTaxBasis": 882017.4,
      "hsa": 0,
      "preTax": 0,
      "taxFree": 1610192.26,
    },
    "cumulativeTax": 64706.13999999999,
    "effectiveTaxRate": 0,
    "endingBalance": 9208603.9,
    "federalTax": 0,
    "flags": [
      "ACA lost",
    ],
    "income": {
      "otherWithdrawal": 106315.06,
      "requiredMinimumDistribution": 0,
      "rothConversion": 0,
      "rothWithdrawal": 0,
      "socialSecurity": 30000,
      "traditionalWithdrawal": 0,
    },
    "irmaaSurcharge": 0,
    "ltcgRate": 0,
    "niit": 0,
    "qcdAmount": 0,
    "rmdExcess": 0,
    "rmdShortfall": 0,
    "rothConversionIrmaaCapped": undefined,
    "rothConversionTax": 0,
    "taxableSocialSecurity": 0,
    "unmetNeed": 0,
    "year": 2076,
  },
  {
    "acaMagiHeadroom": 0,
    "acaSubsidyPreserved": false,
    "age": 87,
    "balanceByTaxType": {
      "afterTax": 7863123.15,
      "afterTaxBasis": 869280.85,
      "hsa": 0,
      "preTax": 0,
      "taxFree": 1690701.87,
    },
    "cumulativeTax": 64706.13999999999,
    "effectiveTaxRate": 0,
    "endingBalance": 9553825.02,
    "federalTax": 0,
    "flags": [
      "ACA lost",
    ],
    "income": {
      "otherWithdrawal": 109722.93,
      "requiredMinimumDistribution": 0,
      "rothConversion": 0,
      "rothWithdrawal": 0,
      "socialSecurity": 30000,
      "traditionalWithdrawal": 0,
    },
    "irmaaSurcharge": 0,
    "ltcgRate": 0,
    "niit": 0,
    "qcdAmount": 0,
    "rmdExcess": 0,
    "rmdShortfall": 0,
    "rothConversionIrmaaCapped": undefined,
    "rothConversionTax": 0,
    "taxableSocialSecurity": 0,
    "unmetNeed": 0,
    "year": 2077,
  },
  {
    "acaMagiHeadroom": 0,
    "acaSubsidyPreserved": false,
    "age": 88,
    "balanceByTaxType": {
      "afterTax": 8137402.5,
      "afterTaxBasis": 856764.64,
      "hsa": 0,
      "preTax": 0,
      "taxFree": 1775236.96,
    },
    "cumulativeTax": 64706.13999999999,
    "effectiveTaxRate": 0,
    "endingBalance": 9912639.46,
    "federalTax": 0,
    "flags": [
      "ACA lost",
    ],
    "income": {
      "otherWithdrawal": 113216.01,
      "requiredMinimumDistribution": 0,
      "rothConversion": 0,
      "rothWithdrawal": 0,
      "socialSecurity": 30000,
      "traditionalWithdrawal": 0,
    },
    "irmaaSurcharge": 0,
    "ltcgRate": 0,
    "niit": 0,
    "qcdAmount": 0,
    "rmdExcess": 0,
    "rmdShortfall": 0,
    "rothConversionIrmaaCapped": undefined,
    "rothConversionTax": 0,
    "taxableSocialSecurity": 0,
    "unmetNeed": 0,
    "year": 2078,
  },
  {
    "acaMagiHeadroom": 0,
    "acaSubsidyPreserved": false,
    "age": 89,
    "balanceByTaxType": {
      "afterTax": 8421636.39,
      "afterTaxBasis": 844467.47,
      "hsa": 0,
      "preTax": 0,
      "taxFree": 1863998.81,
    },
    "cumulativeTax": 64706.13999999999,
    "effectiveTaxRate": 0,
    "endingBalance": 10285635.2,
    "federalTax": 0,
    "flags": [
      "ACA lost",
    ],
    "income": {
      "otherWithdrawal": 116796.41,
      "requiredMinimumDistribution": 0,
      "rothConversion": 0,
      "rothWithdrawal": 0,
      "socialSecurity": 30000,
      "traditionalWithdrawal": 0,
    },
    "irmaaSurcharge": 0,
    "ltcgRate": 0,
    "niit": 0,
    "qcdAmount": 0,
    "rmdExcess": 0,
    "rmdShortfall": 0,
    "rothConversionIrmaaCapped": undefined,
    "rothConversionTax": 0,
    "taxableSocialSecurity": 0,
    "unmetNeed": 0,
    "year": 2079,
  },
]
`;
