// Vitest Snapshot v1, https://vitest.dev/guide/snapshot.html

exports[`brokerage goals integration > fixture 1: basic brokerage goals — two goals at different target years 1`] = `
{
  "goals": [
    {
      "actualWithdrawal": 15894.57,
      "funded": false,
      "id": 1,
      "name": "Down payment",
      "projectedBalance": 15894.57,
      "shortfall": 34105.43,
      "targetAmount": 50000,
      "targetYear": 2030,
      "taxCost": 1313.05,
    },
    {
      "actualWithdrawal": 25000,
      "funded": true,
      "id": 2,
      "name": "Car fund",
      "projectedBalance": 38882.93,
      "shortfall": 0,
      "targetAmount": 25000,
      "targetYear": 2028,
      "taxCost": 1821.13,
    },
  ],
  "projectionByYear": [
    {
      "contribution": 0,
      "endBalance": 31740.06,
      "endBasis": 20000,
      "goalWithdrawals": [],
      "growth": 31740.06,
      "overflow": 0,
      "totalTaxCost": 0,
      "totalWithdrawal": 0,
      "unrealizedGain": 11740.06,
      "year": 2025,
    },
    {
      "contribution": 0,
      "endBalance": 33961.86,
      "endBasis": 20000,
      "goalWithdrawals": [],
      "growth": 2221.8,
      "overflow": 0,
      "totalTaxCost": 0,
      "totalWithdrawal": 0,
      "unrealizedGain": 13961.86,
      "year": 2026,
    },
    {
      "contribution": 0,
      "endBalance": 36339.19,
      "endBasis": 20000,
      "goalWithdrawals": [],
      "growth": 2377.33,
      "overflow": 0,
      "totalTaxCost": 0,
      "totalWithdrawal": 0,
      "unrealizedGain": 16339.19,
      "year": 2027,
    },
    {
      "contribution": 0,
      "endBalance": 13882.93,
      "endBasis": 7140.89,
      "goalWithdrawals": [
        {
          "amount": 25000,
          "basisPortion": 12859.11,
          "gainsPortion": 12140.89,
          "goalId": 2,
          "name": "Car fund",
          "taxCost": 1821.13,
        },
      ],
      "growth": 2543.74,
      "overflow": 0,
      "totalTaxCost": 1821.13,
      "totalWithdrawal": 25000,
      "unrealizedGain": 6742.04,
      "year": 2028,
    },
    {
      "contribution": 0,
      "endBalance": 14854.74,
      "endBasis": 7140.89,
      "goalWithdrawals": [],
      "growth": 971.81,
      "overflow": 0,
      "totalTaxCost": 0,
      "totalWithdrawal": 0,
      "unrealizedGain": 7713.85,
      "year": 2029,
    },
    {
      "contribution": 0,
      "endBalance": 0,
      "endBasis": 0,
      "goalWithdrawals": [
        {
          "amount": 15894.57,
          "basisPortion": 7140.89,
          "gainsPortion": 8753.68,
          "goalId": 1,
          "name": "Down payment",
          "taxCost": 1313.05,
        },
      ],
      "growth": 1039.83,
      "overflow": 0,
      "totalTaxCost": 1313.05,
      "totalWithdrawal": 15894.57,
      "unrealizedGain": 0,
      "year": 2030,
    },
    {
      "contribution": 0,
      "endBalance": 0,
      "endBasis": 0,
      "goalWithdrawals": [],
      "growth": 0,
      "overflow": 0,
      "totalTaxCost": 0,
      "totalWithdrawal": 0,
      "unrealizedGain": 0,
      "year": 2031,
    },
    {
      "contribution": 0,
      "endBalance": 0,
      "endBasis": 0,
      "goalWithdrawals": [],
      "growth": 0,
      "overflow": 0,
      "totalTaxCost": 0,
      "totalWithdrawal": 0,
      "unrealizedGain": 0,
      "year": 2032,
    },
    {
      "contribution": 0,
      "endBalance": 0,
      "endBasis": 0,
      "goalWithdrawals": [],
      "growth": 0,
      "overflow": 0,
      "totalTaxCost": 0,
      "totalWithdrawal": 0,
      "unrealizedGain": 0,
      "year": 2033,
    },
    {
      "contribution": 0,
      "endBalance": 0,
      "endBasis": 0,
      "goalWithdrawals": [],
      "growth": 0,
      "overflow": 0,
      "totalTaxCost": 0,
      "totalWithdrawal": 0,
      "unrealizedGain": 0,
      "year": 2034,
    },
    {
      "contribution": 0,
      "endBalance": 0,
      "endBasis": 0,
      "goalWithdrawals": [],
      "growth": 0,
      "overflow": 0,
      "totalTaxCost": 0,
      "totalWithdrawal": 0,
      "unrealizedGain": 0,
      "year": 2035,
    },
    {
      "contribution": 0,
      "endBalance": 0,
      "endBasis": 0,
      "goalWithdrawals": [],
      "growth": 0,
      "overflow": 0,
      "totalTaxCost": 0,
      "totalWithdrawal": 0,
      "unrealizedGain": 0,
      "year": 2036,
    },
    {
      "contribution": 0,
      "endBalance": 0,
      "endBasis": 0,
      "goalWithdrawals": [],
      "growth": 0,
      "overflow": 0,
      "totalTaxCost": 0,
      "totalWithdrawal": 0,
      "unrealizedGain": 0,
      "year": 2037,
    },
    {
      "contribution": 0,
      "endBalance": 0,
      "endBasis": 0,
      "goalWithdrawals": [],
      "growth": 0,
      "overflow": 0,
      "totalTaxCost": 0,
      "totalWithdrawal": 0,
      "unrealizedGain": 0,
      "year": 2038,
    },
    {
      "contribution": 0,
      "endBalance": 0,
      "endBasis": 0,
      "goalWithdrawals": [],
      "growth": 0,
      "overflow": 0,
      "totalTaxCost": 0,
      "totalWithdrawal": 0,
      "unrealizedGain": 0,
      "year": 2039,
    },
    {
      "contribution": 0,
      "endBalance": 0,
      "endBasis": 0,
      "goalWithdrawals": [],
      "growth": 0,
      "overflow": 0,
      "totalTaxCost": 0,
      "totalWithdrawal": 0,
      "unrealizedGain": 0,
      "year": 2040,
    },
    {
      "contribution": 0,
      "endBalance": 0,
      "endBasis": 0,
      "goalWithdrawals": [],
      "growth": 0,
      "overflow": 0,
      "totalTaxCost": 0,
      "totalWithdrawal": 0,
      "unrealizedGain": 0,
      "year": 2041,
    },
    {
      "contribution": 0,
      "endBalance": 0,
      "endBasis": 0,
      "goalWithdrawals": [],
      "growth": 0,
      "overflow": 0,
      "totalTaxCost": 0,
      "totalWithdrawal": 0,
      "unrealizedGain": 0,
      "year": 2042,
    },
    {
      "contribution": 0,
      "endBalance": 0,
      "endBasis": 0,
      "goalWithdrawals": [],
      "growth": 0,
      "overflow": 0,
      "totalTaxCost": 0,
      "totalWithdrawal": 0,
      "unrealizedGain": 0,
      "year": 2043,
    },
    {
      "contribution": 0,
      "endBalance": 0,
      "endBasis": 0,
      "goalWithdrawals": [],
      "growth": 0,
      "overflow": 0,
      "totalTaxCost": 0,
      "totalWithdrawal": 0,
      "unrealizedGain": 0,
      "year": 2044,
    },
    {
      "contribution": 0,
      "endBalance": 0,
      "endBasis": 0,
      "goalWithdrawals": [],
      "growth": 0,
      "overflow": 0,
      "totalTaxCost": 0,
      "totalWithdrawal": 0,
      "unrealizedGain": 0,
      "year": 2045,
    },
    {
      "contribution": 0,
      "endBalance": 0,
      "endBasis": 0,
      "goalWithdrawals": [],
      "growth": 0,
      "overflow": 0,
      "totalTaxCost": 0,
      "totalWithdrawal": 0,
      "unrealizedGain": 0,
      "year": 2046,
    },
    {
      "contribution": 0,
      "endBalance": 0,
      "endBasis": 0,
      "goalWithdrawals": [],
      "growth": 0,
      "overflow": 0,
      "totalTaxCost": 0,
      "totalWithdrawal": 0,
      "unrealizedGain": 0,
      "year": 2047,
    },
    {
      "contribution": 0,
      "endBalance": 0,
      "endBasis": 0,
      "goalWithdrawals": [],
      "growth": 0,
      "overflow": 0,
      "totalTaxCost": 0,
      "totalWithdrawal": 0,
      "unrealizedGain": 0,
      "year": 2048,
    },
    {
      "contribution": 0,
      "endBalance": 0,
      "endBasis": 0,
      "goalWithdrawals": [],
      "growth": 0,
      "overflow": 0,
      "totalTaxCost": 0,
      "totalWithdrawal": 0,
      "unrealizedGain": 0,
      "year": 2049,
    },
    {
      "contribution": 0,
      "endBalance": 0,
      "endBasis": 0,
      "goalWithdrawals": [],
      "growth": 0,
      "overflow": 0,
      "totalTaxCost": 0,
      "totalWithdrawal": 0,
      "unrealizedGain": 0,
      "year": 2050,
    },
    {
      "contribution": 0,
      "endBalance": 0,
      "endBasis": 0,
      "goalWithdrawals": [],
      "growth": 0,
      "overflow": 0,
      "totalTaxCost": 0,
      "totalWithdrawal": 0,
      "unrealizedGain": 0,
      "year": 2051,
    },
    {
      "contribution": 0,
      "endBalance": 0,
      "endBasis": 0,
      "goalWithdrawals": [],
      "growth": 0,
      "overflow": 0,
      "totalTaxCost": 0,
      "totalWithdrawal": 0,
      "unrealizedGain": 0,
      "year": 2052,
    },
    {
      "contribution": 0,
      "endBalance": 0,
      "endBasis": 0,
      "goalWithdrawals": [],
      "growth": 0,
      "overflow": 0,
      "totalTaxCost": 0,
      "totalWithdrawal": 0,
      "unrealizedGain": 0,
      "year": 2053,
    },
    {
      "contribution": 0,
      "endBalance": 0,
      "endBasis": 0,
      "goalWithdrawals": [],
      "growth": 0,
      "overflow": 0,
      "totalTaxCost": 0,
      "totalWithdrawal": 0,
      "unrealizedGain": 0,
      "year": 2054,
    },
    {
      "contribution": 0,
      "endBalance": 0,
      "endBasis": 0,
      "goalWithdrawals": [],
      "growth": 0,
      "overflow": 0,
      "totalTaxCost": 0,
      "totalWithdrawal": 0,
      "unrealizedGain": 0,
      "year": 2055,
    },
    {
      "contribution": 0,
      "endBalance": 0,
      "endBasis": 0,
      "goalWithdrawals": [],
      "growth": 0,
      "overflow": 0,
      "totalTaxCost": 0,
      "totalWithdrawal": 0,
      "unrealizedGain": 0,
      "year": 2056,
    },
    {
      "contribution": 0,
      "endBalance": 0,
      "endBasis": 0,
      "goalWithdrawals": [],
      "growth": 0,
      "overflow": 0,
      "totalTaxCost": 0,
      "totalWithdrawal": 0,
      "unrealizedGain": 0,
      "year": 2057,
    },
    {
      "contribution": 0,
      "endBalance": 0,
      "endBasis": 0,
      "goalWithdrawals": [],
      "growth": 0,
      "overflow": 0,
      "totalTaxCost": 0,
      "totalWithdrawal": 0,
      "unrealizedGain": 0,
      "year": 2058,
    },
    {
      "contribution": 0,
      "endBalance": 0,
      "endBasis": 0,
      "goalWithdrawals": [],
      "growth": 0,
      "overflow": 0,
      "totalTaxCost": 0,
      "totalWithdrawal": 0,
      "unrealizedGain": 0,
      "year": 2059,
    },
    {
      "contribution": 0,
      "endBalance": 0,
      "endBasis": 0,
      "goalWithdrawals": [],
      "growth": 0,
      "overflow": 0,
      "totalTaxCost": 0,
      "totalWithdrawal": 0,
      "unrealizedGain": 0,
      "year": 2060,
    },
    {
      "contribution": 0,
      "endBalance": 0,
      "endBasis": 0,
      "goalWithdrawals": [],
      "growth": 0,
      "overflow": 0,
      "totalTaxCost": 0,
      "totalWithdrawal": 0,
      "unrealizedGain": 0,
      "year": 2061,
    },
    {
      "contribution": 0,
      "endBalance": 0,
      "endBasis": 0,
      "goalWithdrawals": [],
      "growth": 0,
      "overflow": 0,
      "totalTaxCost": 0,
      "totalWithdrawal": 0,
      "unrealizedGain": 0,
      "year": 2062,
    },
    {
      "contribution": 0,
      "endBalance": 0,
      "endBasis": 0,
      "goalWithdrawals": [],
      "growth": 0,
      "overflow": 0,
      "totalTaxCost": 0,
      "totalWithdrawal": 0,
      "unrealizedGain": 0,
      "year": 2063,
    },
    {
      "contribution": 0,
      "endBalance": 0,
      "endBasis": 0,
      "goalWithdrawals": [],
      "growth": 0,
      "overflow": 0,
      "totalTaxCost": 0,
      "totalWithdrawal": 0,
      "unrealizedGain": 0,
      "year": 2064,
    },
    {
      "contribution": 0,
      "endBalance": 0,
      "endBasis": 0,
      "goalWithdrawals": [],
      "growth": 0,
      "overflow": 0,
      "totalTaxCost": 0,
      "totalWithdrawal": 0,
      "unrealizedGain": 0,
      "year": 2065,
    },
    {
      "contribution": 0,
      "endBalance": 0,
      "endBasis": 0,
      "goalWithdrawals": [],
      "growth": 0,
      "overflow": 0,
      "totalTaxCost": 0,
      "totalWithdrawal": 0,
      "unrealizedGain": 0,
      "year": 2066,
    },
    {
      "contribution": 0,
      "endBalance": 0,
      "endBasis": 0,
      "goalWithdrawals": [],
      "growth": 0,
      "overflow": 0,
      "totalTaxCost": 0,
      "totalWithdrawal": 0,
      "unrealizedGain": 0,
      "year": 2067,
    },
    {
      "contribution": 0,
      "endBalance": 0,
      "endBasis": 0,
      "goalWithdrawals": [],
      "growth": 0,
      "overflow": 0,
      "totalTaxCost": 0,
      "totalWithdrawal": 0,
      "unrealizedGain": 0,
      "year": 2068,
    },
    {
      "contribution": 0,
      "endBalance": 0,
      "endBasis": 0,
      "goalWithdrawals": [],
      "growth": 0,
      "overflow": 0,
      "totalTaxCost": 0,
      "totalWithdrawal": 0,
      "unrealizedGain": 0,
      "year": 2069,
    },
    {
      "contribution": 0,
      "endBalance": 0,
      "endBasis": 0,
      "goalWithdrawals": [],
      "growth": 0,
      "overflow": 0,
      "totalTaxCost": 0,
      "totalWithdrawal": 0,
      "unrealizedGain": 0,
      "year": 2070,
    },
    {
      "contribution": 0,
      "endBalance": 0,
      "endBasis": 0,
      "goalWithdrawals": [],
      "growth": 0,
      "overflow": 0,
      "totalTaxCost": 0,
      "totalWithdrawal": 0,
      "unrealizedGain": 0,
      "year": 2071,
    },
    {
      "contribution": 0,
      "endBalance": 0,
      "endBasis": 0,
      "goalWithdrawals": [],
      "growth": 0,
      "overflow": 0,
      "totalTaxCost": 0,
      "totalWithdrawal": 0,
      "unrealizedGain": 0,
      "year": 2072,
    },
    {
      "contribution": 0,
      "endBalance": 0,
      "endBasis": 0,
      "goalWithdrawals": [],
      "growth": 0,
      "overflow": 0,
      "totalTaxCost": 0,
      "totalWithdrawal": 0,
      "unrealizedGain": 0,
      "year": 2073,
    },
    {
      "contribution": 0,
      "endBalance": 0,
      "endBasis": 0,
      "goalWithdrawals": [],
      "growth": 0,
      "overflow": 0,
      "totalTaxCost": 0,
      "totalWithdrawal": 0,
      "unrealizedGain": 0,
      "year": 2074,
    },
    {
      "contribution": 0,
      "endBalance": 0,
      "endBasis": 0,
      "goalWithdrawals": [],
      "growth": 0,
      "overflow": 0,
      "totalTaxCost": 0,
      "totalWithdrawal": 0,
      "unrealizedGain": 0,
      "year": 2075,
    },
    {
      "contribution": 0,
      "endBalance": 0,
      "endBasis": 0,
      "goalWithdrawals": [],
      "growth": 0,
      "overflow": 0,
      "totalTaxCost": 0,
      "totalWithdrawal": 0,
      "unrealizedGain": 0,
      "year": 2076,
    },
    {
      "contribution": 0,
      "endBalance": 0,
      "endBasis": 0,
      "goalWithdrawals": [],
      "growth": 0,
      "overflow": 0,
      "totalTaxCost": 0,
      "totalWithdrawal": 0,
      "unrealizedGain": 0,
      "year": 2077,
    },
    {
      "contribution": 0,
      "endBalance": 0,
      "endBasis": 0,
      "goalWithdrawals": [],
      "growth": 0,
      "overflow": 0,
      "totalTaxCost": 0,
      "totalWithdrawal": 0,
      "unrealizedGain": 0,
      "year": 2078,
    },
    {
      "contribution": 0,
      "endBalance": 0,
      "endBasis": 0,
      "goalWithdrawals": [],
      "growth": 0,
      "overflow": 0,
      "totalTaxCost": 0,
      "totalWithdrawal": 0,
      "unrealizedGain": 0,
      "year": 2079,
    },
  ],
  "warnings": [],
}
`;

exports[`brokerage goals integration > fixture 2: goals with overflow — high contributions forcing brokerage overflow 1`] = `
{
  "goals": [
    {
      "actualWithdrawal": 50000,
      "funded": true,
      "id": 1,
      "name": "Down payment",
      "projectedBalance": 769103.61,
      "shortfall": 0,
      "targetAmount": 50000,
      "targetYear": 2030,
      "taxCost": 1673.43,
    },
  ],
  "projectionByYear": [
    {
      "contribution": 66700,
      "endBalance": 102308.79,
      "endBasis": 86700,
      "goalWithdrawals": [],
      "growth": 35608.79,
      "overflow": 66700,
      "totalTaxCost": 0,
      "totalWithdrawal": 0,
      "unrealizedGain": 15608.79,
      "year": 2025,
    },
    {
      "contribution": 95034,
      "endBalance": 211156.79,
      "endBasis": 181734,
      "goalWithdrawals": [],
      "growth": 13814,
      "overflow": 95034,
      "totalTaxCost": 0,
      "totalWithdrawal": 0,
      "unrealizedGain": 29422.79,
      "year": 2026,
    },
    {
      "contribution": 98479.68,
      "endBalance": 331311.02,
      "endBasis": 280213.68,
      "goalWithdrawals": [],
      "growth": 21674.55,
      "overflow": 98479.68,
      "totalTaxCost": 0,
      "totalWithdrawal": 0,
      "unrealizedGain": 51097.34,
      "year": 2027,
    },
    {
      "contribution": 102040.62,
      "endBalance": 463686.25,
      "endBasis": 382254.3,
      "goalWithdrawals": [],
      "growth": 30334.61,
      "overflow": 102040.62,
      "totalTaxCost": 0,
      "totalWithdrawal": 0,
      "unrealizedGain": 81431.95,
      "year": 2028,
    },
    {
      "contribution": 105720.51,
      "endBalance": 609265.23,
      "endBasis": 487974.81,
      "goalWithdrawals": [],
      "growth": 39858.47,
      "overflow": 105720.51,
      "totalTaxCost": 0,
      "totalWithdrawal": 0,
      "unrealizedGain": 121290.42,
      "year": 2029,
    },
    {
      "contribution": 109523.19,
      "endBalance": 719103.61,
      "endBasis": 558654.21,
      "goalWithdrawals": [
        {
          "amount": 50000,
          "basisPortion": 38843.79,
          "gainsPortion": 11156.21,
          "goalId": 1,
          "name": "Down payment",
          "taxCost": 1673.43,
        },
      ],
      "growth": 50315.19,
      "overflow": 109523.19,
      "totalTaxCost": 1673.43,
      "totalWithdrawal": 50000,
      "unrealizedGain": 160449.4,
      "year": 2030,
    },
    {
      "contribution": 113452.56,
      "endBalance": 890835.1,
      "endBasis": 672106.77,
      "goalWithdrawals": [],
      "growth": 58278.93,
      "overflow": 113452.56,
      "totalTaxCost": 0,
      "totalWithdrawal": 0,
      "unrealizedGain": 218728.33,
      "year": 2031,
    },
    {
      "contribution": 117512.71,
      "endBalance": 1078932.16,
      "endBasis": 789619.48,
      "goalWithdrawals": [],
      "growth": 70584.35,
      "overflow": 117512.71,
      "totalTaxCost": 0,
      "totalWithdrawal": 0,
      "unrealizedGain": 289312.68,
      "year": 2032,
    },
    {
      "contribution": 121707.75,
      "endBalance": 1284684.7,
      "endBasis": 911327.23,
      "goalWithdrawals": [],
      "growth": 84044.79,
      "overflow": 121707.75,
      "totalTaxCost": 0,
      "totalWithdrawal": 0,
      "unrealizedGain": 373357.47,
      "year": 2033,
    },
    {
      "contribution": 126042.07,
      "endBalance": 1509477.64,
      "endBasis": 1037369.3,
      "goalWithdrawals": [],
      "growth": 98750.87,
      "overflow": 126042.07,
      "totalTaxCost": 0,
      "totalWithdrawal": 0,
      "unrealizedGain": 472108.34,
      "year": 2034,
    },
    {
      "contribution": 130520.08,
      "endBalance": 1754797.56,
      "endBasis": 1167889.38,
      "goalWithdrawals": [],
      "growth": 114799.84,
      "overflow": 130520.08,
      "totalTaxCost": 0,
      "totalWithdrawal": 0,
      "unrealizedGain": 586908.18,
      "year": 2035,
    },
    {
      "contribution": 135146.35,
      "endBalance": 2022239.98,
      "endBasis": 1303035.73,
      "goalWithdrawals": [],
      "growth": 132296.07,
      "overflow": 135146.35,
      "totalTaxCost": 0,
      "totalWithdrawal": 0,
      "unrealizedGain": 719204.25,
      "year": 2036,
    },
    {
      "contribution": 139925.64,
      "endBalance": 2313517.21,
      "endBasis": 1442961.37,
      "goalWithdrawals": [],
      "growth": 151351.59,
      "overflow": 139925.64,
      "totalTaxCost": 0,
      "totalWithdrawal": 0,
      "unrealizedGain": 870555.84,
      "year": 2037,
    },
    {
      "contribution": 144862.78,
      "endBalance": 2630466.59,
      "endBasis": 1587824.15,
      "goalWithdrawals": [],
      "growth": 172086.6,
      "overflow": 144862.78,
      "totalTaxCost": 0,
      "totalWithdrawal": 0,
      "unrealizedGain": 1042642.44,
      "year": 2038,
    },
    {
      "contribution": 149962.85,
      "endBalance": 2975059.5,
      "endBasis": 1737787,
      "goalWithdrawals": [],
      "growth": 194630.06,
      "overflow": 149962.85,
      "totalTaxCost": 0,
      "totalWithdrawal": 0,
      "unrealizedGain": 1237272.5,
      "year": 2039,
    },
    {
      "contribution": 133697.09,
      "endBalance": 3326369.55,
      "endBasis": 1871484.09,
      "goalWithdrawals": [],
      "growth": 217612.96,
      "overflow": 133697.09,
      "totalTaxCost": 0,
      "totalWithdrawal": 0,
      "unrealizedGain": 1454885.46,
      "year": 2040,
    },
    {
      "contribution": 138708,
      "endBalance": 3707632.98,
      "endBasis": 2010192.09,
      "goalWithdrawals": [],
      "growth": 242555.43,
      "overflow": 138708,
      "totalTaxCost": 0,
      "totalWithdrawal": 0,
      "unrealizedGain": 1697440.89,
      "year": 2041,
    },
    {
      "contribution": 143889.21,
      "endBalance": 4121128.74,
      "endBasis": 2154081.3,
      "goalWithdrawals": [],
      "growth": 269606.55,
      "overflow": 143889.21,
      "totalTaxCost": 0,
      "totalWithdrawal": 0,
      "unrealizedGain": 1967047.44,
      "year": 2042,
    },
    {
      "contribution": 149246.25,
      "endBalance": 4569301.24,
      "endBasis": 2303327.55,
      "goalWithdrawals": [],
      "growth": 298926.25,
      "overflow": 149246.25,
      "totalTaxCost": 0,
      "totalWithdrawal": 0,
      "unrealizedGain": 2265973.69,
      "year": 2043,
    },
    {
      "contribution": 154784.85,
      "endBalance": 5054772.12,
      "endBasis": 2458112.4,
      "goalWithdrawals": [],
      "growth": 330686.03,
      "overflow": 154784.85,
      "totalTaxCost": 0,
      "totalWithdrawal": 0,
      "unrealizedGain": 2596659.72,
      "year": 2044,
    },
    {
      "contribution": 159024.85,
      "endBalance": 5578762.76,
      "endBasis": 2617137.25,
      "goalWithdrawals": [],
      "growth": 364965.79,
      "overflow": 159024.85,
      "totalTaxCost": 0,
      "totalWithdrawal": 0,
      "unrealizedGain": 2961625.51,
      "year": 2045,
    },
    {
      "contribution": 164914.5,
      "endBalance": 6145734.67,
      "endBasis": 2782051.75,
      "goalWithdrawals": [],
      "growth": 402057.41,
      "overflow": 164914.5,
      "totalTaxCost": 0,
      "totalWithdrawal": 0,
      "unrealizedGain": 3363682.92,
      "year": 2046,
    },
    {
      "contribution": 171003.24,
      "endBalance": 6758909.56,
      "endBasis": 2953054.99,
      "goalWithdrawals": [],
      "growth": 442171.65,
      "overflow": 171003.24,
      "totalTaxCost": 0,
      "totalWithdrawal": 0,
      "unrealizedGain": 3805854.57,
      "year": 2047,
    },
    {
      "contribution": 177297.48,
      "endBalance": 7421741.53,
      "endBasis": 3130352.47,
      "goalWithdrawals": [],
      "growth": 485534.49,
      "overflow": 177297.48,
      "totalTaxCost": 0,
      "totalWithdrawal": 0,
      "unrealizedGain": 4291389.06,
      "year": 2048,
    },
    {
      "contribution": 183803.78,
      "endBalance": 8137933.48,
      "endBasis": 3314156.25,
      "goalWithdrawals": [],
      "growth": 532388.17,
      "overflow": 183803.78,
      "totalTaxCost": 0,
      "totalWithdrawal": 0,
      "unrealizedGain": 4823777.23,
      "year": 2049,
    },
    {
      "contribution": 178224.5,
      "endBalance": 8898289.04,
      "endBasis": 3492380.75,
      "goalWithdrawals": [],
      "growth": 582131.06,
      "overflow": 178224.5,
      "totalTaxCost": 0,
      "totalWithdrawal": 0,
      "unrealizedGain": 5405908.29,
      "year": 2050,
    },
    {
      "contribution": 184929.66,
      "endBalance": 9719044.01,
      "endBasis": 3677310.41,
      "goalWithdrawals": [],
      "growth": 635825.31,
      "overflow": 184929.66,
      "totalTaxCost": 0,
      "totalWithdrawal": 0,
      "unrealizedGain": 6041733.6,
      "year": 2051,
    },
    {
      "contribution": 191863.15,
      "endBalance": 10604670.66,
      "endBasis": 3869173.56,
      "goalWithdrawals": [],
      "growth": 693763.5,
      "overflow": 191863.15,
      "totalTaxCost": 0,
      "totalWithdrawal": 0,
      "unrealizedGain": 6735497.1,
      "year": 2052,
    },
    {
      "contribution": 199032.36,
      "endBalance": 11559962.23,
      "endBasis": 4068205.92,
      "goalWithdrawals": [],
      "growth": 756259.21,
      "overflow": 199032.36,
      "totalTaxCost": 0,
      "totalWithdrawal": 0,
      "unrealizedGain": 7491756.31,
      "year": 2053,
    },
    {
      "contribution": 219763.73,
      "endBalance": 12604306.78,
      "endBasis": 4287969.65,
      "goalWithdrawals": [],
      "growth": 824580.82,
      "overflow": 219763.73,
      "totalTaxCost": 0,
      "totalWithdrawal": 0,
      "unrealizedGain": 8316337.13,
      "year": 2054,
    },
    {
      "contribution": 0,
      "endBalance": 13486608.25,
      "endBasis": 4287969.65,
      "goalWithdrawals": [],
      "growth": 882301.47,
      "overflow": 0,
      "totalTaxCost": 0,
      "totalWithdrawal": 0,
      "unrealizedGain": 9198638.6,
      "year": 2055,
    },
    {
      "contribution": 0,
      "endBalance": 14430670.83,
      "endBasis": 4287969.65,
      "goalWithdrawals": [],
      "growth": 944062.58,
      "overflow": 0,
      "totalTaxCost": 0,
      "totalWithdrawal": 0,
      "unrealizedGain": 10142701.18,
      "year": 2056,
    },
    {
      "contribution": 0,
      "endBalance": 15440817.79,
      "endBasis": 4287969.65,
      "goalWithdrawals": [],
      "growth": 1010146.96,
      "overflow": 0,
      "totalTaxCost": 0,
      "totalWithdrawal": 0,
      "unrealizedGain": 11152848.14,
      "year": 2057,
    },
    {
      "contribution": 0,
      "endBalance": 16521675.04,
      "endBasis": 4287969.65,
      "goalWithdrawals": [],
      "growth": 1080857.25,
      "overflow": 0,
      "totalTaxCost": 0,
      "totalWithdrawal": 0,
      "unrealizedGain": 12233705.39,
      "year": 2058,
    },
    {
      "contribution": 0,
      "endBalance": 17678192.29,
      "endBasis": 4287969.65,
      "goalWithdrawals": [],
      "growth": 1156517.25,
      "overflow": 0,
      "totalTaxCost": 0,
      "totalWithdrawal": 0,
      "unrealizedGain": 13390222.64,
      "year": 2059,
    },
    {
      "contribution": 0,
      "endBalance": 18915665.75,
      "endBasis": 4287969.65,
      "goalWithdrawals": [],
      "growth": 1237473.46,
      "overflow": 0,
      "totalTaxCost": 0,
      "totalWithdrawal": 0,
      "unrealizedGain": 14627696.1,
      "year": 2060,
    },
    {
      "contribution": 0,
      "endBalance": 20239762.35,
      "endBasis": 4287969.65,
      "goalWithdrawals": [],
      "growth": 1324096.6,
      "overflow": 0,
      "totalTaxCost": 0,
      "totalWithdrawal": 0,
      "unrealizedGain": 15951792.7,
      "year": 2061,
    },
    {
      "contribution": 0,
      "endBalance": 21656545.71,
      "endBasis": 4287969.65,
      "goalWithdrawals": [],
      "growth": 1416783.36,
      "overflow": 0,
      "totalTaxCost": 0,
      "totalWithdrawal": 0,
      "unrealizedGain": 17368576.06,
      "year": 2062,
    },
    {
      "contribution": 0,
      "endBalance": 23172503.91,
      "endBasis": 4287969.65,
      "goalWithdrawals": [],
      "growth": 1515958.2,
      "overflow": 0,
      "totalTaxCost": 0,
      "totalWithdrawal": 0,
      "unrealizedGain": 18884534.26,
      "year": 2063,
    },
    {
      "contribution": 0,
      "endBalance": 24794579.18,
      "endBasis": 4287969.65,
      "goalWithdrawals": [],
      "growth": 1622075.27,
      "overflow": 0,
      "totalTaxCost": 0,
      "totalWithdrawal": 0,
      "unrealizedGain": 20506609.53,
      "year": 2064,
    },
    {
      "contribution": 0,
      "endBalance": 26530199.72,
      "endBasis": 4287969.65,
      "goalWithdrawals": [],
      "growth": 1735620.54,
      "overflow": 0,
      "totalTaxCost": 0,
      "totalWithdrawal": 0,
      "unrealizedGain": 22242230.07,
      "year": 2065,
    },
    {
      "contribution": 0,
      "endBalance": 28387313.7,
      "endBasis": 4287969.65,
      "goalWithdrawals": [],
      "growth": 1857113.98,
      "overflow": 0,
      "totalTaxCost": 0,
      "totalWithdrawal": 0,
      "unrealizedGain": 24099344.05,
      "year": 2066,
    },
    {
      "contribution": 0,
      "endBalance": 30374425.66,
      "endBasis": 4287969.65,
      "goalWithdrawals": [],
      "growth": 1987111.96,
      "overflow": 0,
      "totalTaxCost": 0,
      "totalWithdrawal": 0,
      "unrealizedGain": 26086456.01,
      "year": 2067,
    },
    {
      "contribution": 0,
      "endBalance": 32500635.46,
      "endBasis": 4287969.65,
      "goalWithdrawals": [],
      "growth": 2126209.8,
      "overflow": 0,
      "totalTaxCost": 0,
      "totalWithdrawal": 0,
      "unrealizedGain": 28212665.81,
      "year": 2068,
    },
    {
      "contribution": 0,
      "endBalance": 34775679.94,
      "endBasis": 4287969.65,
      "goalWithdrawals": [],
      "growth": 2275044.48,
      "overflow": 0,
      "totalTaxCost": 0,
      "totalWithdrawal": 0,
      "unrealizedGain": 30487710.29,
      "year": 2069,
    },
    {
      "contribution": 0,
      "endBalance": 37209977.54,
      "endBasis": 4287969.65,
      "goalWithdrawals": [],
      "growth": 2434297.6,
      "overflow": 0,
      "totalTaxCost": 0,
      "totalWithdrawal": 0,
      "unrealizedGain": 32922007.89,
      "year": 2070,
    },
    {
      "contribution": 0,
      "endBalance": 39814675.97,
      "endBasis": 4287969.65,
      "goalWithdrawals": [],
      "growth": 2604698.43,
      "overflow": 0,
      "totalTaxCost": 0,
      "totalWithdrawal": 0,
      "unrealizedGain": 35526706.32,
      "year": 2071,
    },
    {
      "contribution": 0,
      "endBalance": 42601703.29,
      "endBasis": 4287969.65,
      "goalWithdrawals": [],
      "growth": 2787027.32,
      "overflow": 0,
      "totalTaxCost": 0,
      "totalWithdrawal": 0,
      "unrealizedGain": 38313733.64,
      "year": 2072,
    },
    {
      "contribution": 0,
      "endBalance": 45583822.52,
      "endBasis": 4287969.65,
      "goalWithdrawals": [],
      "growth": 2982119.23,
      "overflow": 0,
      "totalTaxCost": 0,
      "totalWithdrawal": 0,
      "unrealizedGain": 41295852.87,
      "year": 2073,
    },
    {
      "contribution": 0,
      "endBalance": 48774690.1,
      "endBasis": 4287969.65,
      "goalWithdrawals": [],
      "growth": 3190867.58,
      "overflow": 0,
      "totalTaxCost": 0,
      "totalWithdrawal": 0,
      "unrealizedGain": 44486720.45,
      "year": 2074,
    },
    {
      "contribution": 0,
      "endBalance": 52188918.41,
      "endBasis": 4287969.65,
      "goalWithdrawals": [],
      "growth": 3414228.31,
      "overflow": 0,
      "totalTaxCost": 0,
      "totalWithdrawal": 0,
      "unrealizedGain": 47900948.76,
      "year": 2075,
    },
    {
      "contribution": 0,
      "endBalance": 55842142.7,
      "endBasis": 4287969.65,
      "goalWithdrawals": [],
      "growth": 3653224.29,
      "overflow": 0,
      "totalTaxCost": 0,
      "totalWithdrawal": 0,
      "unrealizedGain": 51554173.05,
      "year": 2076,
    },
    {
      "contribution": 0,
      "endBalance": 59751092.69,
      "endBasis": 4287969.65,
      "goalWithdrawals": [],
      "growth": 3908949.99,
      "overflow": 0,
      "totalTaxCost": 0,
      "totalWithdrawal": 0,
      "unrealizedGain": 55463123.04,
      "year": 2077,
    },
    {
      "contribution": 0,
      "endBalance": 63933669.18,
      "endBasis": 4287969.65,
      "goalWithdrawals": [],
      "growth": 4182576.49,
      "overflow": 0,
      "totalTaxCost": 0,
      "totalWithdrawal": 0,
      "unrealizedGain": 59645699.53,
      "year": 2078,
    },
    {
      "contribution": 0,
      "endBalance": 68409026.02,
      "endBasis": 4287969.65,
      "goalWithdrawals": [],
      "growth": 4475356.84,
      "overflow": 0,
      "totalTaxCost": 0,
      "totalWithdrawal": 0,
      "unrealizedGain": 64121056.37,
      "year": 2079,
    },
  ],
  "warnings": [],
}
`;

exports[`brokerage goals integration > fixture 3: goals with brokerage ramp — increasing contributions over time 1`] = `
{
  "goals": [
    {
      "actualWithdrawal": 100000,
      "funded": true,
      "id": 1,
      "name": "Vacation home",
      "projectedBalance": 208678.95,
      "shortfall": 0,
      "targetAmount": 100000,
      "targetYear": 2035,
      "taxCost": 5655.5,
    },
  ],
  "projectionByYear": [
    {
      "contribution": 0,
      "endBalance": 31740.06,
      "endBasis": 20000,
      "goalWithdrawals": [],
      "growth": 31740.06,
      "overflow": 0,
      "totalTaxCost": 0,
      "totalWithdrawal": 0,
      "unrealizedGain": 11740.06,
      "year": 2025,
    },
    {
      "contribution": 2000,
      "endBalance": 36101.86,
      "endBasis": 22000,
      "goalWithdrawals": [],
      "growth": 2361.8,
      "overflow": 0,
      "totalTaxCost": 0,
      "totalWithdrawal": 0,
      "unrealizedGain": 14101.86,
      "year": 2026,
    },
    {
      "contribution": 4000,
      "endBalance": 42908.99,
      "endBasis": 26000,
      "goalWithdrawals": [],
      "growth": 2807.13,
      "overflow": 0,
      "totalTaxCost": 0,
      "totalWithdrawal": 0,
      "unrealizedGain": 16908.99,
      "year": 2027,
    },
    {
      "contribution": 6000,
      "endBalance": 52332.62,
      "endBasis": 32000,
      "goalWithdrawals": [],
      "growth": 3423.63,
      "overflow": 0,
      "totalTaxCost": 0,
      "totalWithdrawal": 0,
      "unrealizedGain": 20332.62,
      "year": 2028,
    },
    {
      "contribution": 8000,
      "endBalance": 64555.9,
      "endBasis": 40000,
      "goalWithdrawals": [],
      "growth": 4223.28,
      "overflow": 0,
      "totalTaxCost": 0,
      "totalWithdrawal": 0,
      "unrealizedGain": 24555.9,
      "year": 2029,
    },
    {
      "contribution": 10000,
      "endBalance": 79774.81,
      "endBasis": 50000,
      "goalWithdrawals": [],
      "growth": 5218.91,
      "overflow": 0,
      "totalTaxCost": 0,
      "totalWithdrawal": 0,
      "unrealizedGain": 29774.81,
      "year": 2030,
    },
    {
      "contribution": 12000,
      "endBalance": 98199.05,
      "endBasis": 62000,
      "goalWithdrawals": [],
      "growth": 6424.24,
      "overflow": 0,
      "totalTaxCost": 0,
      "totalWithdrawal": 0,
      "unrealizedGain": 36199.05,
      "year": 2031,
    },
    {
      "contribution": 14000,
      "endBalance": 120052.98,
      "endBasis": 76000,
      "goalWithdrawals": [],
      "growth": 7853.93,
      "overflow": 0,
      "totalTaxCost": 0,
      "totalWithdrawal": 0,
      "unrealizedGain": 44052.98,
      "year": 2032,
    },
    {
      "contribution": 16000,
      "endBalance": 145576.69,
      "endBasis": 92000,
      "goalWithdrawals": [],
      "growth": 9523.71,
      "overflow": 0,
      "totalTaxCost": 0,
      "totalWithdrawal": 0,
      "unrealizedGain": 53576.69,
      "year": 2033,
    },
    {
      "contribution": 18000,
      "endBalance": 175027.06,
      "endBasis": 110000,
      "goalWithdrawals": [],
      "growth": 11450.37,
      "overflow": 0,
      "totalTaxCost": 0,
      "totalWithdrawal": 0,
      "unrealizedGain": 65027.06,
      "year": 2034,
    },
    {
      "contribution": 20000,
      "endBalance": 108678.95,
      "endBasis": 67703.35,
      "goalWithdrawals": [
        {
          "amount": 100000,
          "basisPortion": 62296.65,
          "gainsPortion": 37703.35,
          "goalId": 1,
          "name": "Vacation home",
          "taxCost": 5655.5,
        },
      ],
      "growth": 13651.89,
      "overflow": 0,
      "totalTaxCost": 5655.5,
      "totalWithdrawal": 100000,
      "unrealizedGain": 40975.6,
      "year": 2035,
    },
    {
      "contribution": 22000,
      "endBalance": 139826.48,
      "endBasis": 89703.35,
      "goalWithdrawals": [],
      "growth": 9147.53,
      "overflow": 0,
      "totalTaxCost": 0,
      "totalWithdrawal": 0,
      "unrealizedGain": 50123.13,
      "year": 2036,
    },
    {
      "contribution": 24000,
      "endBalance": 175294.33,
      "endBasis": 113703.35,
      "goalWithdrawals": [],
      "growth": 11467.85,
      "overflow": 0,
      "totalTaxCost": 0,
      "totalWithdrawal": 0,
      "unrealizedGain": 61590.98,
      "year": 2037,
    },
    {
      "contribution": 26000,
      "endBalance": 215384.93,
      "endBasis": 139703.35,
      "goalWithdrawals": [],
      "growth": 14090.6,
      "overflow": 0,
      "totalTaxCost": 0,
      "totalWithdrawal": 0,
      "unrealizedGain": 75681.58,
      "year": 2038,
    },
    {
      "contribution": 28000,
      "endBalance": 260421.88,
      "endBasis": 167703.35,
      "goalWithdrawals": [],
      "growth": 17036.95,
      "overflow": 0,
      "totalTaxCost": 0,
      "totalWithdrawal": 0,
      "unrealizedGain": 92718.53,
      "year": 2039,
    },
    {
      "contribution": 30000,
      "endBalance": 310751.41,
      "endBasis": 197703.35,
      "goalWithdrawals": [],
      "growth": 20329.53,
      "overflow": 0,
      "totalTaxCost": 0,
      "totalWithdrawal": 0,
      "unrealizedGain": 113048.06,
      "year": 2040,
    },
    {
      "contribution": 32000,
      "endBalance": 366744.01,
      "endBasis": 229703.35,
      "goalWithdrawals": [],
      "growth": 23992.6,
      "overflow": 0,
      "totalTaxCost": 0,
      "totalWithdrawal": 0,
      "unrealizedGain": 137040.66,
      "year": 2041,
    },
    {
      "contribution": 34000,
      "endBalance": 428796.09,
      "endBasis": 263703.35,
      "goalWithdrawals": [],
      "growth": 28052.08,
      "overflow": 0,
      "totalTaxCost": 0,
      "totalWithdrawal": 0,
      "unrealizedGain": 165092.74,
      "year": 2042,
    },
    {
      "contribution": 36000,
      "endBalance": 497331.82,
      "endBasis": 299703.35,
      "goalWithdrawals": [],
      "growth": 32535.73,
      "overflow": 0,
      "totalTaxCost": 0,
      "totalWithdrawal": 0,
      "unrealizedGain": 197628.47,
      "year": 2043,
    },
    {
      "contribution": 38000,
      "endBalance": 572805.05,
      "endBasis": 337703.35,
      "goalWithdrawals": [],
      "growth": 37473.23,
      "overflow": 0,
      "totalTaxCost": 0,
      "totalWithdrawal": 0,
      "unrealizedGain": 235101.7,
      "year": 2044,
    },
    {
      "contribution": 40000,
      "endBalance": 655701.4,
      "endBasis": 377703.35,
      "goalWithdrawals": [],
      "growth": 42896.35,
      "overflow": 0,
      "totalTaxCost": 0,
      "totalWithdrawal": 0,
      "unrealizedGain": 277998.05,
      "year": 2045,
    },
    {
      "contribution": 42000,
      "endBalance": 746540.5,
      "endBasis": 419703.35,
      "goalWithdrawals": [],
      "growth": 48839.1,
      "overflow": 0,
      "totalTaxCost": 0,
      "totalWithdrawal": 0,
      "unrealizedGain": 326837.15,
      "year": 2046,
    },
    {
      "contribution": 44000,
      "endBalance": 845878.34,
      "endBasis": 463703.35,
      "goalWithdrawals": [],
      "growth": 55337.84,
      "overflow": 0,
      "totalTaxCost": 0,
      "totalWithdrawal": 0,
      "unrealizedGain": 382174.99,
      "year": 2047,
    },
    {
      "contribution": 46000,
      "endBalance": 954309.82,
      "endBasis": 509703.35,
      "goalWithdrawals": [],
      "growth": 62431.48,
      "overflow": 0,
      "totalTaxCost": 0,
      "totalWithdrawal": 0,
      "unrealizedGain": 444606.47,
      "year": 2048,
    },
    {
      "contribution": 48000,
      "endBalance": 1072471.51,
      "endBasis": 557703.35,
      "goalWithdrawals": [],
      "growth": 70161.69,
      "overflow": 0,
      "totalTaxCost": 0,
      "totalWithdrawal": 0,
      "unrealizedGain": 514768.16,
      "year": 2049,
    },
    {
      "contribution": 50000,
      "endBalance": 1201044.52,
      "endBasis": 607703.35,
      "goalWithdrawals": [],
      "growth": 78573.01,
      "overflow": 0,
      "totalTaxCost": 0,
      "totalWithdrawal": 0,
      "unrealizedGain": 593341.17,
      "year": 2050,
    },
    {
      "contribution": 52000,
      "endBalance": 1340757.64,
      "endBasis": 659703.35,
      "goalWithdrawals": [],
      "growth": 87713.12,
      "overflow": 0,
      "totalTaxCost": 0,
      "totalWithdrawal": 0,
      "unrealizedGain": 681054.29,
      "year": 2051,
    },
    {
      "contribution": 54000,
      "endBalance": 1492390.67,
      "endBasis": 713703.35,
      "goalWithdrawals": [],
      "growth": 97633.03,
      "overflow": 0,
      "totalTaxCost": 0,
      "totalWithdrawal": 0,
      "unrealizedGain": 778687.32,
      "year": 2052,
    },
    {
      "contribution": 56000,
      "endBalance": 1656778.02,
      "endBasis": 769703.35,
      "goalWithdrawals": [],
      "growth": 108387.35,
      "overflow": 0,
      "totalTaxCost": 0,
      "totalWithdrawal": 0,
      "unrealizedGain": 887074.67,
      "year": 2053,
    },
    {
      "contribution": 58000,
      "endBalance": 1834812.48,
      "endBasis": 827703.35,
      "goalWithdrawals": [],
      "growth": 120034.46,
      "overflow": 0,
      "totalTaxCost": 0,
      "totalWithdrawal": 0,
      "unrealizedGain": 1007109.13,
      "year": 2054,
    },
    {
      "contribution": 0,
      "endBalance": 1963249.35,
      "endBasis": 827703.35,
      "goalWithdrawals": [],
      "growth": 128436.87,
      "overflow": 0,
      "totalTaxCost": 0,
      "totalWithdrawal": 0,
      "unrealizedGain": 1135546,
      "year": 2055,
    },
    {
      "contribution": 0,
      "endBalance": 2100676.8,
      "endBasis": 827703.35,
      "goalWithdrawals": [],
      "growth": 137427.45,
      "overflow": 0,
      "totalTaxCost": 0,
      "totalWithdrawal": 0,
      "unrealizedGain": 1272973.45,
      "year": 2056,
    },
    {
      "contribution": 0,
      "endBalance": 2247724.18,
      "endBasis": 827703.35,
      "goalWithdrawals": [],
      "growth": 147047.38,
      "overflow": 0,
      "totalTaxCost": 0,
      "totalWithdrawal": 0,
      "unrealizedGain": 1420020.83,
      "year": 2057,
    },
    {
      "contribution": 0,
      "endBalance": 2405064.87,
      "endBasis": 827703.35,
      "goalWithdrawals": [],
      "growth": 157340.69,
      "overflow": 0,
      "totalTaxCost": 0,
      "totalWithdrawal": 0,
      "unrealizedGain": 1577361.52,
      "year": 2058,
    },
    {
      "contribution": 0,
      "endBalance": 2573419.41,
      "endBasis": 827703.35,
      "goalWithdrawals": [],
      "growth": 168354.54,
      "overflow": 0,
      "totalTaxCost": 0,
      "totalWithdrawal": 0,
      "unrealizedGain": 1745716.06,
      "year": 2059,
    },
    {
      "contribution": 0,
      "endBalance": 2753558.77,
      "endBasis": 827703.35,
      "goalWithdrawals": [],
      "growth": 180139.36,
      "overflow": 0,
      "totalTaxCost": 0,
      "totalWithdrawal": 0,
      "unrealizedGain": 1925855.42,
      "year": 2060,
    },
    {
      "contribution": 0,
      "endBalance": 2946307.88,
      "endBasis": 827703.35,
      "goalWithdrawals": [],
      "growth": 192749.11,
      "overflow": 0,
      "totalTaxCost": 0,
      "totalWithdrawal": 0,
      "unrealizedGain": 2118604.53,
      "year": 2061,
    },
    {
      "contribution": 0,
      "endBalance": 3152549.43,
      "endBasis": 827703.35,
      "goalWithdrawals": [],
      "growth": 206241.55,
      "overflow": 0,
      "totalTaxCost": 0,
      "totalWithdrawal": 0,
      "unrealizedGain": 2324846.08,
      "year": 2062,
    },
    {
      "contribution": 0,
      "endBalance": 3373227.89,
      "endBasis": 827703.35,
      "goalWithdrawals": [],
      "growth": 220678.46,
      "overflow": 0,
      "totalTaxCost": 0,
      "totalWithdrawal": 0,
      "unrealizedGain": 2545524.54,
      "year": 2063,
    },
    {
      "contribution": 0,
      "endBalance": 3609353.84,
      "endBasis": 827703.35,
      "goalWithdrawals": [],
      "growth": 236125.95,
      "overflow": 0,
      "totalTaxCost": 0,
      "totalWithdrawal": 0,
      "unrealizedGain": 2781650.49,
      "year": 2064,
    },
    {
      "contribution": 0,
      "endBalance": 3862008.61,
      "endBasis": 827703.35,
      "goalWithdrawals": [],
      "growth": 252654.77,
      "overflow": 0,
      "totalTaxCost": 0,
      "totalWithdrawal": 0,
      "unrealizedGain": 3034305.26,
      "year": 2065,
    },
    {
      "contribution": 0,
      "endBalance": 4132349.21,
      "endBasis": 827703.35,
      "goalWithdrawals": [],
      "growth": 270340.6,
      "overflow": 0,
      "totalTaxCost": 0,
      "totalWithdrawal": 0,
      "unrealizedGain": 3304645.86,
      "year": 2066,
    },
    {
      "contribution": 0,
      "endBalance": 4421613.65,
      "endBasis": 827703.35,
      "goalWithdrawals": [],
      "growth": 289264.44,
      "overflow": 0,
      "totalTaxCost": 0,
      "totalWithdrawal": 0,
      "unrealizedGain": 3593910.3,
      "year": 2067,
    },
    {
      "contribution": 0,
      "endBalance": 4731126.61,
      "endBasis": 827703.35,
      "goalWithdrawals": [],
      "growth": 309512.96,
      "overflow": 0,
      "totalTaxCost": 0,
      "totalWithdrawal": 0,
      "unrealizedGain": 3903423.26,
      "year": 2068,
    },
    {
      "contribution": 0,
      "endBalance": 5062305.47,
      "endBasis": 827703.35,
      "goalWithdrawals": [],
      "growth": 331178.86,
      "overflow": 0,
      "totalTaxCost": 0,
      "totalWithdrawal": 0,
      "unrealizedGain": 4234602.12,
      "year": 2069,
    },
    {
      "contribution": 0,
      "endBalance": 5416666.85,
      "endBasis": 827703.35,
      "goalWithdrawals": [],
      "growth": 354361.38,
      "overflow": 0,
      "totalTaxCost": 0,
      "totalWithdrawal": 0,
      "unrealizedGain": 4588963.5,
      "year": 2070,
    },
    {
      "contribution": 0,
      "endBalance": 5795833.53,
      "endBasis": 827703.35,
      "goalWithdrawals": [],
      "growth": 379166.68,
      "overflow": 0,
      "totalTaxCost": 0,
      "totalWithdrawal": 0,
      "unrealizedGain": 4968130.18,
      "year": 2071,
    },
    {
      "contribution": 0,
      "endBalance": 6201541.88,
      "endBasis": 827703.35,
      "goalWithdrawals": [],
      "growth": 405708.35,
      "overflow": 0,
      "totalTaxCost": 0,
      "totalWithdrawal": 0,
      "unrealizedGain": 5373838.53,
      "year": 2072,
    },
    {
      "contribution": 0,
      "endBalance": 6635649.81,
      "endBasis": 827703.35,
      "goalWithdrawals": [],
      "growth": 434107.93,
      "overflow": 0,
      "totalTaxCost": 0,
      "totalWithdrawal": 0,
      "unrealizedGain": 5807946.46,
      "year": 2073,
    },
    {
      "contribution": 0,
      "endBalance": 7100145.3,
      "endBasis": 827703.35,
      "goalWithdrawals": [],
      "growth": 464495.49,
      "overflow": 0,
      "totalTaxCost": 0,
      "totalWithdrawal": 0,
      "unrealizedGain": 6272441.95,
      "year": 2074,
    },
    {
      "contribution": 0,
      "endBalance": 7597155.47,
      "endBasis": 827703.35,
      "goalWithdrawals": [],
      "growth": 497010.17,
      "overflow": 0,
      "totalTaxCost": 0,
      "totalWithdrawal": 0,
      "unrealizedGain": 6769452.12,
      "year": 2075,
    },
    {
      "contribution": 0,
      "endBalance": 8128956.35,
      "endBasis": 827703.35,
      "goalWithdrawals": [],
      "growth": 531800.88,
      "overflow": 0,
      "totalTaxCost": 0,
      "totalWithdrawal": 0,
      "unrealizedGain": 7301253,
      "year": 2076,
    },
    {
      "contribution": 0,
      "endBalance": 8697983.29,
      "endBasis": 827703.35,
      "goalWithdrawals": [],
      "growth": 569026.94,
      "overflow": 0,
      "totalTaxCost": 0,
      "totalWithdrawal": 0,
      "unrealizedGain": 7870279.94,
      "year": 2077,
    },
    {
      "contribution": 0,
      "endBalance": 9306842.12,
      "endBasis": 827703.35,
      "goalWithdrawals": [],
      "growth": 608858.83,
      "overflow": 0,
      "totalTaxCost": 0,
      "totalWithdrawal": 0,
      "unrealizedGain": 8479138.77,
      "year": 2078,
    },
    {
      "contribution": 0,
      "endBalance": 9958321.07,
      "endBasis": 827703.35,
      "goalWithdrawals": [],
      "growth": 651478.95,
      "overflow": 0,
      "totalTaxCost": 0,
      "totalWithdrawal": 0,
      "unrealizedGain": 9130617.72,
      "year": 2079,
    },
  ],
  "warnings": [],
}
`;

exports[`brokerage goals integration > fixture 4: goals with parentCategoryFilter — individual accounts filtered 1`] = `
{
  "goals": [
    {
      "actualWithdrawal": 40000,
      "funded": true,
      "id": 1,
      "name": "Down payment",
      "projectedBalance": 50231.36,
      "shortfall": 0,
      "targetAmount": 40000,
      "targetYear": 2030,
      "taxCost": 3304.41,
    },
  ],
  "projectionByYear": [
    {
      "contribution": 0,
      "endBalance": 31740.06,
      "endBasis": 20000,
      "goalWithdrawals": [],
      "growth": 1740.06,
      "overflow": 0,
      "totalTaxCost": 0,
      "totalWithdrawal": 0,
      "unrealizedGain": 11740.06,
      "year": 2025,
    },
    {
      "contribution": 0,
      "endBalance": 33961.86,
      "endBasis": 20000,
      "goalWithdrawals": [],
      "growth": 2221.8,
      "overflow": 0,
      "totalTaxCost": 0,
      "totalWithdrawal": 0,
      "unrealizedGain": 13961.86,
      "year": 2026,
    },
    {
      "contribution": 0,
      "endBalance": 36339.19,
      "endBasis": 20000,
      "goalWithdrawals": [],
      "growth": 2377.33,
      "overflow": 0,
      "totalTaxCost": 0,
      "totalWithdrawal": 0,
      "unrealizedGain": 16339.19,
      "year": 2027,
    },
    {
      "contribution": 0,
      "endBalance": 38882.93,
      "endBasis": 20000,
      "goalWithdrawals": [],
      "growth": 2543.74,
      "overflow": 0,
      "totalTaxCost": 0,
      "totalWithdrawal": 0,
      "unrealizedGain": 18882.93,
      "year": 2028,
    },
    {
      "contribution": 0,
      "endBalance": 41604.74,
      "endBasis": 20000,
      "goalWithdrawals": [],
      "growth": 2721.81,
      "overflow": 0,
      "totalTaxCost": 0,
      "totalWithdrawal": 0,
      "unrealizedGain": 21604.74,
      "year": 2029,
    },
    {
      "contribution": 0,
      "endBalance": 10231.36,
      "endBasis": 4596.61,
      "goalWithdrawals": [
        {
          "amount": 40000,
          "basisPortion": 17970.63,
          "gainsPortion": 22029.37,
          "goalId": 1,
          "name": "Down payment",
          "taxCost": 3304.41,
        },
      ],
      "growth": 2912.34,
      "overflow": 0,
      "totalTaxCost": 3304.41,
      "totalWithdrawal": 40000,
      "unrealizedGain": 5634.75,
      "year": 2030,
    },
    {
      "contribution": 0,
      "endBalance": 10947.55,
      "endBasis": 4596.61,
      "goalWithdrawals": [],
      "growth": 716.19,
      "overflow": 0,
      "totalTaxCost": 0,
      "totalWithdrawal": 0,
      "unrealizedGain": 6350.94,
      "year": 2031,
    },
    {
      "contribution": 0,
      "endBalance": 11713.88,
      "endBasis": 4596.61,
      "goalWithdrawals": [],
      "growth": 766.33,
      "overflow": 0,
      "totalTaxCost": 0,
      "totalWithdrawal": 0,
      "unrealizedGain": 7117.27,
      "year": 2032,
    },
    {
      "contribution": 0,
      "endBalance": 12533.85,
      "endBasis": 4596.61,
      "goalWithdrawals": [],
      "growth": 819.97,
      "overflow": 0,
      "totalTaxCost": 0,
      "totalWithdrawal": 0,
      "unrealizedGain": 7937.24,
      "year": 2033,
    },
    {
      "contribution": 0,
      "endBalance": 13411.22,
      "endBasis": 4596.61,
      "goalWithdrawals": [],
      "growth": 877.37,
      "overflow": 0,
      "totalTaxCost": 0,
      "totalWithdrawal": 0,
      "unrealizedGain": 8814.61,
      "year": 2034,
    },
    {
      "contribution": 0,
      "endBalance": 14350.01,
      "endBasis": 4596.61,
      "goalWithdrawals": [],
      "growth": 938.79,
      "overflow": 0,
      "totalTaxCost": 0,
      "totalWithdrawal": 0,
      "unrealizedGain": 9753.4,
      "year": 2035,
    },
    {
      "contribution": 0,
      "endBalance": 15354.51,
      "endBasis": 4596.61,
      "goalWithdrawals": [],
      "growth": 1004.5,
      "overflow": 0,
      "totalTaxCost": 0,
      "totalWithdrawal": 0,
      "unrealizedGain": 10757.9,
      "year": 2036,
    },
    {
      "contribution": 0,
      "endBalance": 16429.32,
      "endBasis": 4596.61,
      "goalWithdrawals": [],
      "growth": 1074.81,
      "overflow": 0,
      "totalTaxCost": 0,
      "totalWithdrawal": 0,
      "unrealizedGain": 11832.71,
      "year": 2037,
    },
    {
      "contribution": 0,
      "endBalance": 17579.37,
      "endBasis": 4596.61,
      "goalWithdrawals": [],
      "growth": 1150.05,
      "overflow": 0,
      "totalTaxCost": 0,
      "totalWithdrawal": 0,
      "unrealizedGain": 12982.76,
      "year": 2038,
    },
    {
      "contribution": 0,
      "endBalance": 18809.92,
      "endBasis": 4596.61,
      "goalWithdrawals": [],
      "growth": 1230.55,
      "overflow": 0,
      "totalTaxCost": 0,
      "totalWithdrawal": 0,
      "unrealizedGain": 14213.31,
      "year": 2039,
    },
    {
      "contribution": 0,
      "endBalance": 20126.62,
      "endBasis": 4596.61,
      "goalWithdrawals": [],
      "growth": 1316.7,
      "overflow": 0,
      "totalTaxCost": 0,
      "totalWithdrawal": 0,
      "unrealizedGain": 15530.01,
      "year": 2040,
    },
    {
      "contribution": 0,
      "endBalance": 21535.48,
      "endBasis": 4596.61,
      "goalWithdrawals": [],
      "growth": 1408.86,
      "overflow": 0,
      "totalTaxCost": 0,
      "totalWithdrawal": 0,
      "unrealizedGain": 16938.87,
      "year": 2041,
    },
    {
      "contribution": 0,
      "endBalance": 23042.96,
      "endBasis": 4596.61,
      "goalWithdrawals": [],
      "growth": 1507.48,
      "overflow": 0,
      "totalTaxCost": 0,
      "totalWithdrawal": 0,
      "unrealizedGain": 18446.35,
      "year": 2042,
    },
    {
      "contribution": 0,
      "endBalance": 24655.97,
      "endBasis": 4596.62,
      "goalWithdrawals": [],
      "growth": 1613.01,
      "overflow": 0,
      "totalTaxCost": 0,
      "totalWithdrawal": 0,
      "unrealizedGain": 20059.35,
      "year": 2043,
    },
    {
      "contribution": 0,
      "endBalance": 26381.88,
      "endBasis": 4596.61,
      "goalWithdrawals": [],
      "growth": 1725.91,
      "overflow": 0,
      "totalTaxCost": 0,
      "totalWithdrawal": 0,
      "unrealizedGain": 21785.27,
      "year": 2044,
    },
    {
      "contribution": 0,
      "endBalance": 28228.62,
      "endBasis": 4596.61,
      "goalWithdrawals": [],
      "growth": 1846.74,
      "overflow": 0,
      "totalTaxCost": 0,
      "totalWithdrawal": 0,
      "unrealizedGain": 23632.01,
      "year": 2045,
    },
    {
      "contribution": 0,
      "endBalance": 30204.63,
      "endBasis": 4596.62,
      "goalWithdrawals": [],
      "growth": 1976.01,
      "overflow": 0,
      "totalTaxCost": 0,
      "totalWithdrawal": 0,
      "unrealizedGain": 25608.01,
      "year": 2046,
    },
    {
      "contribution": 0,
      "endBalance": 32318.95,
      "endBasis": 4596.61,
      "goalWithdrawals": [],
      "growth": 2114.32,
      "overflow": 0,
      "totalTaxCost": 0,
      "totalWithdrawal": 0,
      "unrealizedGain": 27722.34,
      "year": 2047,
    },
    {
      "contribution": 0,
      "endBalance": 34581.28,
      "endBasis": 4596.61,
      "goalWithdrawals": [],
      "growth": 2262.33,
      "overflow": 0,
      "totalTaxCost": 0,
      "totalWithdrawal": 0,
      "unrealizedGain": 29984.67,
      "year": 2048,
    },
    {
      "contribution": 0,
      "endBalance": 37001.96,
      "endBasis": 4596.61,
      "goalWithdrawals": [],
      "growth": 2420.68,
      "overflow": 0,
      "totalTaxCost": 0,
      "totalWithdrawal": 0,
      "unrealizedGain": 32405.35,
      "year": 2049,
    },
    {
      "contribution": 0,
      "endBalance": 39592.1,
      "endBasis": 4596.61,
      "goalWithdrawals": [],
      "growth": 2590.14,
      "overflow": 0,
      "totalTaxCost": 0,
      "totalWithdrawal": 0,
      "unrealizedGain": 34995.49,
      "year": 2050,
    },
    {
      "contribution": 0,
      "endBalance": 42363.54,
      "endBasis": 4596.61,
      "goalWithdrawals": [],
      "growth": 2771.44,
      "overflow": 0,
      "totalTaxCost": 0,
      "totalWithdrawal": 0,
      "unrealizedGain": 37766.93,
      "year": 2051,
    },
    {
      "contribution": 0,
      "endBalance": 45328.99,
      "endBasis": 4596.61,
      "goalWithdrawals": [],
      "growth": 2965.45,
      "overflow": 0,
      "totalTaxCost": 0,
      "totalWithdrawal": 0,
      "unrealizedGain": 40732.38,
      "year": 2052,
    },
    {
      "contribution": 0,
      "endBalance": 48502.02,
      "endBasis": 4596.61,
      "goalWithdrawals": [],
      "growth": 3173.03,
      "overflow": 0,
      "totalTaxCost": 0,
      "totalWithdrawal": 0,
      "unrealizedGain": 43905.41,
      "year": 2053,
    },
    {
      "contribution": 0,
      "endBalance": 51897.16,
      "endBasis": 4596.61,
      "goalWithdrawals": [],
      "growth": 3395.14,
      "overflow": 0,
      "totalTaxCost": 0,
      "totalWithdrawal": 0,
      "unrealizedGain": 47300.55,
      "year": 2054,
    },
    {
      "contribution": 0,
      "endBalance": 55529.96,
      "endBasis": 4596.61,
      "goalWithdrawals": [],
      "growth": 3632.8,
      "overflow": 0,
      "totalTaxCost": 0,
      "totalWithdrawal": 0,
      "unrealizedGain": 50933.35,
      "year": 2055,
    },
    {
      "contribution": 0,
      "endBalance": 59417.06,
      "endBasis": 4596.61,
      "goalWithdrawals": [],
      "growth": 3887.1,
      "overflow": 0,
      "totalTaxCost": 0,
      "totalWithdrawal": 0,
      "unrealizedGain": 54820.45,
      "year": 2056,
    },
    {
      "contribution": 0,
      "endBalance": 63576.25,
      "endBasis": 4596.61,
      "goalWithdrawals": [],
      "growth": 4159.19,
      "overflow": 0,
      "totalTaxCost": 0,
      "totalWithdrawal": 0,
      "unrealizedGain": 58979.64,
      "year": 2057,
    },
    {
      "contribution": 0,
      "endBalance": 68026.59,
      "endBasis": 4596.61,
      "goalWithdrawals": [],
      "growth": 4450.34,
      "overflow": 0,
      "totalTaxCost": 0,
      "totalWithdrawal": 0,
      "unrealizedGain": 63429.98,
      "year": 2058,
    },
    {
      "contribution": 0,
      "endBalance": 72788.45,
      "endBasis": 4596.61,
      "goalWithdrawals": [],
      "growth": 4761.86,
      "overflow": 0,
      "totalTaxCost": 0,
      "totalWithdrawal": 0,
      "unrealizedGain": 68191.84,
      "year": 2059,
    },
    {
      "contribution": 0,
      "endBalance": 77883.64,
      "endBasis": 4596.61,
      "goalWithdrawals": [],
      "growth": 5095.19,
      "overflow": 0,
      "totalTaxCost": 0,
      "totalWithdrawal": 0,
      "unrealizedGain": 73287.03,
      "year": 2060,
    },
    {
      "contribution": 0,
      "endBalance": 83335.5,
      "endBasis": 4596.61,
      "goalWithdrawals": [],
      "growth": 5451.86,
      "overflow": 0,
      "totalTaxCost": 0,
      "totalWithdrawal": 0,
      "unrealizedGain": 78738.89,
      "year": 2061,
    },
    {
      "contribution": 0,
      "endBalance": 89168.99,
      "endBasis": 4596.61,
      "goalWithdrawals": [],
      "growth": 5833.49,
      "overflow": 0,
      "totalTaxCost": 0,
      "totalWithdrawal": 0,
      "unrealizedGain": 84572.38,
      "year": 2062,
    },
    {
      "contribution": 0,
      "endBalance": 95410.82,
      "endBasis": 4596.61,
      "goalWithdrawals": [],
      "growth": 6241.83,
      "overflow": 0,
      "totalTaxCost": 0,
      "totalWithdrawal": 0,
      "unrealizedGain": 90814.21,
      "year": 2063,
    },
    {
      "contribution": 0,
      "endBalance": 102089.58,
      "endBasis": 4596.61,
      "goalWithdrawals": [],
      "growth": 6678.76,
      "overflow": 0,
      "totalTaxCost": 0,
      "totalWithdrawal": 0,
      "unrealizedGain": 97492.97,
      "year": 2064,
    },
    {
      "contribution": 0,
      "endBalance": 109235.85,
      "endBasis": 4596.61,
      "goalWithdrawals": [],
      "growth": 7146.27,
      "overflow": 0,
      "totalTaxCost": 0,
      "totalWithdrawal": 0,
      "unrealizedGain": 104639.24,
      "year": 2065,
    },
    {
      "contribution": 0,
      "endBalance": 116882.36,
      "endBasis": 4596.61,
      "goalWithdrawals": [],
      "growth": 7646.51,
      "overflow": 0,
      "totalTaxCost": 0,
      "totalWithdrawal": 0,
      "unrealizedGain": 112285.75,
      "year": 2066,
    },
    {
      "contribution": 0,
      "endBalance": 125064.13,
      "endBasis": 4596.61,
      "goalWithdrawals": [],
      "growth": 8181.77,
      "overflow": 0,
      "totalTaxCost": 0,
      "totalWithdrawal": 0,
      "unrealizedGain": 120467.52,
      "year": 2067,
    },
    {
      "contribution": 0,
      "endBalance": 133818.61,
      "endBasis": 4596.61,
      "goalWithdrawals": [],
      "growth": 8754.48,
      "overflow": 0,
      "totalTaxCost": 0,
      "totalWithdrawal": 0,
      "unrealizedGain": 129222,
      "year": 2068,
    },
    {
      "contribution": 0,
      "endBalance": 143185.91,
      "endBasis": 4596.61,
      "goalWithdrawals": [],
      "growth": 9367.3,
      "overflow": 0,
      "totalTaxCost": 0,
      "totalWithdrawal": 0,
      "unrealizedGain": 138589.3,
      "year": 2069,
    },
    {
      "contribution": 0,
      "endBalance": 153208.92,
      "endBasis": 4596.61,
      "goalWithdrawals": [],
      "growth": 10023.01,
      "overflow": 0,
      "totalTaxCost": 0,
      "totalWithdrawal": 0,
      "unrealizedGain": 148612.31,
      "year": 2070,
    },
    {
      "contribution": 0,
      "endBalance": 163933.54,
      "endBasis": 4596.61,
      "goalWithdrawals": [],
      "growth": 10724.62,
      "overflow": 0,
      "totalTaxCost": 0,
      "totalWithdrawal": 0,
      "unrealizedGain": 159336.93,
      "year": 2071,
    },
    {
      "contribution": 0,
      "endBalance": 175408.88,
      "endBasis": 4596.61,
      "goalWithdrawals": [],
      "growth": 11475.34,
      "overflow": 0,
      "totalTaxCost": 0,
      "totalWithdrawal": 0,
      "unrealizedGain": 170812.27,
      "year": 2072,
    },
    {
      "contribution": 0,
      "endBalance": 187687.5,
      "endBasis": 4596.61,
      "goalWithdrawals": [],
      "growth": 12278.62,
      "overflow": 0,
      "totalTaxCost": 0,
      "totalWithdrawal": 0,
      "unrealizedGain": 183090.89,
      "year": 2073,
    },
    {
      "contribution": 0,
      "endBalance": 200825.62,
      "endBasis": 4596.61,
      "goalWithdrawals": [],
      "growth": 13138.12,
      "overflow": 0,
      "totalTaxCost": 0,
      "totalWithdrawal": 0,
      "unrealizedGain": 196229.01,
      "year": 2074,
    },
    {
      "contribution": 0,
      "endBalance": 214883.42,
      "endBasis": 4596.61,
      "goalWithdrawals": [],
      "growth": 14057.8,
      "overflow": 0,
      "totalTaxCost": 0,
      "totalWithdrawal": 0,
      "unrealizedGain": 210286.81,
      "year": 2075,
    },
    {
      "contribution": 0,
      "endBalance": 229925.26,
      "endBasis": 4596.61,
      "goalWithdrawals": [],
      "growth": 15041.84,
      "overflow": 0,
      "totalTaxCost": 0,
      "totalWithdrawal": 0,
      "unrealizedGain": 225328.65,
      "year": 2076,
    },
    {
      "contribution": 0,
      "endBalance": 246020.03,
      "endBasis": 4596.61,
      "goalWithdrawals": [],
      "growth": 16094.77,
      "overflow": 0,
      "totalTaxCost": 0,
      "totalWithdrawal": 0,
      "unrealizedGain": 241423.42,
      "year": 2077,
    },
    {
      "contribution": 0,
      "endBalance": 263241.43,
      "endBasis": 4596.61,
      "goalWithdrawals": [],
      "growth": 17221.4,
      "overflow": 0,
      "totalTaxCost": 0,
      "totalWithdrawal": 0,
      "unrealizedGain": 258644.82,
      "year": 2078,
    },
    {
      "contribution": 0,
      "endBalance": 281668.33,
      "endBasis": 4596.61,
      "goalWithdrawals": [],
      "growth": 18426.9,
      "overflow": 0,
      "totalTaxCost": 0,
      "totalWithdrawal": 0,
      "unrealizedGain": 277071.72,
      "year": 2079,
    },
  ],
  "warnings": [],
}
`;
